../Drivers/STM32U5xx_HAL_Driver/Inc/stm32u5xx_ll_bus.h:823:22:LL_AHB2_GRP1_EnableClock	24	static
../Drivers/STM32U5xx_HAL_Driver/Inc/stm32u5xx_ll_bus.h:1873:22:LL_APB1_GRP2_EnableClock	24	static
../Core/Src/main.c:99:5:main	1304	static
../Core/Src/main.c:169:13:ranging_uart	72	static
../Core/Src/main.c:208:6:SystemClock_Config	128	static
../Core/Src/main.c:263:13:SystemPower_Config	8	static
../Core/Src/main.c:284:13:Ranging_sensor_Init	16	static
../Core/Src/main.c:305:16:raning_sensor_get_distance	24	static
../Core/Src/main.c:312:13:MX_ADF1_Init	8	static
../Core/Src/main.c:365:13:MX_I2C1_Init	8	static
../Core/Src/main.c:413:13:MX_I2C2_Init	8	static
../Core/Src/main.c:461:13:MX_ICACHE_Init	8	static
../Core/Src/main.c:493:13:MX_OCTOSPI1_Init	40	static
../Core/Src/main.c:553:13:MX_OCTOSPI2_Init	40	static
../Core/Src/main.c:613:13:MX_SPI2_Init	24	static
../Core/Src/main.c:670:13:MX_UART4_Init	8	static
../Core/Src/main.c:718:13:MX_USART1_UART_Init	8	static
../Core/Src/main.c:766:13:MX_UCPD1_Init	32	static
../Core/Src/main.c:808:13:MX_USB_OTG_FS_PCD_Init	8	static
../Core/Src/main.c:842:13:MX_GPIO_Init	64	static
../Core/Src/main.c:963:6:Error_Handler	4	static,ignoring_inline_asm
