Archive member included to satisfy reference by file (symbol)

c:/st/stm32cubeide_1.12.1/stm32cubeide/plugins/com.st.stm32cube.ide.mcu.externaltools.gnu-tools-for-stm32.10.3-2021.10.win32_1.0.200.202301161003/tools/bin/../lib/gcc/arm-none-eabi/10.3.1/../../../../arm-none-eabi/lib/thumb/v8-m.main+fp/hard\libc_nano.a(lib_a-errno.o)
                              ./Core/Src/syscalls.o (__errno)
c:/st/stm32cubeide_1.12.1/stm32cubeide/plugins/com.st.stm32cube.ide.mcu.externaltools.gnu-tools-for-stm32.10.3-2021.10.win32_1.0.200.202301161003/tools/bin/../lib/gcc/arm-none-eabi/10.3.1/../../../../arm-none-eabi/lib/thumb/v8-m.main+fp/hard\libc_nano.a(lib_a-exit.o)
                              c:/st/stm32cubeide_1.12.1/stm32cubeide/plugins/com.st.stm32cube.ide.mcu.externaltools.gnu-tools-for-stm32.10.3-2021.10.win32_1.0.200.202301161003/tools/bin/../lib/gcc/arm-none-eabi/10.3.1/../../../../arm-none-eabi/lib/thumb/v8-m.main+fp/hard/crt0.o (exit)
c:/st/stm32cubeide_1.12.1/stm32cubeide/plugins/com.st.stm32cube.ide.mcu.externaltools.gnu-tools-for-stm32.10.3-2021.10.win32_1.0.200.202301161003/tools/bin/../lib/gcc/arm-none-eabi/10.3.1/../../../../arm-none-eabi/lib/thumb/v8-m.main+fp/hard\libc_nano.a(lib_a-impure.o)
                              c:/st/stm32cubeide_1.12.1/stm32cubeide/plugins/com.st.stm32cube.ide.mcu.externaltools.gnu-tools-for-stm32.10.3-2021.10.win32_1.0.200.202301161003/tools/bin/../lib/gcc/arm-none-eabi/10.3.1/../../../../arm-none-eabi/lib/thumb/v8-m.main+fp/hard\libc_nano.a(lib_a-exit.o) (_global_impure_ptr)
c:/st/stm32cubeide_1.12.1/stm32cubeide/plugins/com.st.stm32cube.ide.mcu.externaltools.gnu-tools-for-stm32.10.3-2021.10.win32_1.0.200.202301161003/tools/bin/../lib/gcc/arm-none-eabi/10.3.1/../../../../arm-none-eabi/lib/thumb/v8-m.main+fp/hard\libc_nano.a(lib_a-init.o)
                              c:/st/stm32cubeide_1.12.1/stm32cubeide/plugins/com.st.stm32cube.ide.mcu.externaltools.gnu-tools-for-stm32.10.3-2021.10.win32_1.0.200.202301161003/tools/bin/../lib/gcc/arm-none-eabi/10.3.1/../../../../arm-none-eabi/lib/thumb/v8-m.main+fp/hard/crt0.o (__libc_init_array)
c:/st/stm32cubeide_1.12.1/stm32cubeide/plugins/com.st.stm32cube.ide.mcu.externaltools.gnu-tools-for-stm32.10.3-2021.10.win32_1.0.200.202301161003/tools/bin/../lib/gcc/arm-none-eabi/10.3.1/../../../../arm-none-eabi/lib/thumb/v8-m.main+fp/hard\libc_nano.a(lib_a-memcpy-stub.o)
                              ./Drivers/BSP/vl53l5cx_api.o (memcpy)
c:/st/stm32cubeide_1.12.1/stm32cubeide/plugins/com.st.stm32cube.ide.mcu.externaltools.gnu-tools-for-stm32.10.3-2021.10.win32_1.0.200.202301161003/tools/bin/../lib/gcc/arm-none-eabi/10.3.1/../../../../arm-none-eabi/lib/thumb/v8-m.main+fp/hard\libc_nano.a(lib_a-memset.o)
                              c:/st/stm32cubeide_1.12.1/stm32cubeide/plugins/com.st.stm32cube.ide.mcu.externaltools.gnu-tools-for-stm32.10.3-2021.10.win32_1.0.200.202301161003/tools/bin/../lib/gcc/arm-none-eabi/10.3.1/../../../../arm-none-eabi/lib/thumb/v8-m.main+fp/hard/crt0.o (memset)
c:/st/stm32cubeide_1.12.1/stm32cubeide/plugins/com.st.stm32cube.ide.mcu.externaltools.gnu-tools-for-stm32.10.3-2021.10.win32_1.0.200.202301161003/tools/bin/../lib/gcc/arm-none-eabi/10.3.1/../../../../arm-none-eabi/lib/thumb/v8-m.main+fp/hard\libc_nano.a(lib_a-sprintf.o)
                              ./Core/Src/main.o (sprintf)
c:/st/stm32cubeide_1.12.1/stm32cubeide/plugins/com.st.stm32cube.ide.mcu.externaltools.gnu-tools-for-stm32.10.3-2021.10.win32_1.0.200.202301161003/tools/bin/../lib/gcc/arm-none-eabi/10.3.1/../../../../arm-none-eabi/lib/thumb/v8-m.main+fp/hard\libc_nano.a(lib_a-strlen.o)
                              ./Core/Src/main.o (strlen)
c:/st/stm32cubeide_1.12.1/stm32cubeide/plugins/com.st.stm32cube.ide.mcu.externaltools.gnu-tools-for-stm32.10.3-2021.10.win32_1.0.200.202301161003/tools/bin/../lib/gcc/arm-none-eabi/10.3.1/../../../../arm-none-eabi/lib/thumb/v8-m.main+fp/hard\libc_nano.a(lib_a-nano-svfprintf.o)
                              c:/st/stm32cubeide_1.12.1/stm32cubeide/plugins/com.st.stm32cube.ide.mcu.externaltools.gnu-tools-for-stm32.10.3-2021.10.win32_1.0.200.202301161003/tools/bin/../lib/gcc/arm-none-eabi/10.3.1/../../../../arm-none-eabi/lib/thumb/v8-m.main+fp/hard\libc_nano.a(lib_a-sprintf.o) (_svfprintf_r)
c:/st/stm32cubeide_1.12.1/stm32cubeide/plugins/com.st.stm32cube.ide.mcu.externaltools.gnu-tools-for-stm32.10.3-2021.10.win32_1.0.200.202301161003/tools/bin/../lib/gcc/arm-none-eabi/10.3.1/../../../../arm-none-eabi/lib/thumb/v8-m.main+fp/hard\libc_nano.a(lib_a-nano-vfprintf_i.o)
                              c:/st/stm32cubeide_1.12.1/stm32cubeide/plugins/com.st.stm32cube.ide.mcu.externaltools.gnu-tools-for-stm32.10.3-2021.10.win32_1.0.200.202301161003/tools/bin/../lib/gcc/arm-none-eabi/10.3.1/../../../../arm-none-eabi/lib/thumb/v8-m.main+fp/hard\libc_nano.a(lib_a-nano-svfprintf.o) (_printf_i)
[...]
Memory Configuration

Name             Origin             Length             Attributes
RAM              0x0000000020000000 0x00000000000c0000 xrw
SRAM4            0x0000000028000000 0x0000000000004000 xrw
FLASH            0x0000000008000000 0x0000000000200000 xr
*default*        0x0000000000000000 0xffffffffffffffff

Linker script and memory map

LOAD c:/st/stm32cubeide_1.12.1/stm32cubeide/plugins/com.st.stm32cube.ide.mcu.externaltools.gnu-tools-for-stm32.10.3-2021.10.win32_1.0.200.202301161003/tools/bin/../lib/gcc/arm-none-eabi/10.3.1/thumb/v8-m.main+fp/hard/crti.o
LOAD c:/st/stm32cubeide_1.12.1/stm32cubeide/plugins/com.st.stm32cube.ide.mcu.externaltools.gnu-tools-for-stm32.10.3-2021.10.win32_1.0.200.202301161003/tools/bin/../lib/gcc/arm-none-eabi/10.3.1/thumb/v8-m.main+fp/hard/crtbegin.o
LOAD c:/st/stm32cubeide_1.12.1/stm32cubeide/plugins/com.st.stm32cube.ide.mcu.externaltools.gnu-tools-for-stm32.10.3-2021.10.win32_1.0.200.202301161003/tools/bin/../lib/gcc/arm-none-eabi/10.3.1/../../../../arm-none-eabi/lib/thumb/v8-m.main+fp/hard/crt0.o
LOAD ./Core/Src/main.o
LOAD ./Core/Src/stm32u5xx_hal_msp.o
LOAD ./Core/Src/stm32u5xx_it.o
LOAD ./Core/Src/syscalls.o
LOAD ./Core/Src/sysmem.o
LOAD ./Core/Src/system_stm32u5xx.o
LOAD ./Core/Startup/startup_stm32u585aiixq.o
LOAD ./Drivers/BSP/b_u585i_iot02a_bus.o
LOAD ./Drivers/BSP/b_u585i_iot02a_ranging_sensor.o
LOAD ./Drivers/BSP/platform.o
LOAD ./Drivers/BSP/vl53l5cx.o
LOAD ./Drivers/BSP/vl53l5cx_api.o
LOAD ./Drivers/BSP/vl53l5cx_plugin_detection_thresholds.o
LOAD ./Drivers/STM32U5xx_HAL_Driver/Src/stm32u5xx_hal.o
LOAD ./Drivers/STM32U5xx_HAL_Driver/Src/stm32u5xx_hal_cortex.o
LOAD ./Drivers/STM32U5xx_HAL_Driver/Src/stm32u5xx_hal_dma.o
LOAD ./Drivers/STM32U5xx_HAL_Driver/Src/stm32u5xx_hal_dma_ex.o
LOAD ./Drivers/STM32U5xx_HAL_Driver/Src/stm32u5xx_hal_exti.o
LOAD ./Drivers/STM32U5xx_HAL_Driver/Src/stm32u5xx_hal_flash.o
LOAD ./Drivers/STM32U5xx_HAL_Driver/Src/stm32u5xx_hal_flash_ex.o
LOAD ./Drivers/STM32U5xx_HAL_Driver/Src/stm32u5xx_hal_gpio.o
LOAD ./Drivers/STM32U5xx_HAL_Driver/Src/stm32u5xx_hal_gtzc.o
LOAD ./Drivers/STM32U5xx_HAL_Driver/Src/stm32u5xx_hal_i2c.o
LOAD ./Drivers/STM32U5xx_HAL_Driver/Src/stm32u5xx_hal_i2c_ex.o
LOAD ./Drivers/STM32U5xx_HAL_Driver/Src/stm32u5xx_hal_icache.o
LOAD ./Drivers/STM32U5xx_HAL_Driver/Src/stm32u5xx_hal_mdf.o
LOAD ./Drivers/STM32U5xx_HAL_Driver/Src/stm32u5xx_hal_ospi.o
LOAD ./Drivers/STM32U5xx_HAL_Driver/Src/stm32u5xx_hal_pcd.o
LOAD ./Drivers/STM32U5xx_HAL_Driver/Src/stm32u5xx_hal_pcd_ex.o
LOAD ./Drivers/STM32U5xx_HAL_Driver/Src/stm32u5xx_hal_pwr.o
LOAD ./Drivers/STM32U5xx_HAL_Driver/Src/stm32u5xx_hal_pwr_ex.o
LOAD ./Drivers/STM32U5xx_HAL_Driver/Src/stm32u5xx_hal_rcc.o
LOAD ./Drivers/STM32U5xx_HAL_Driver/Src/stm32u5xx_hal_rcc_ex.o
LOAD ./Drivers/STM32U5xx_HAL_Driver/Src/stm32u5xx_hal_spi.o
LOAD ./Drivers/STM32U5xx_HAL_Driver/Src/stm32u5xx_hal_spi_ex.o
LOAD ./Drivers/STM32U5xx_HAL_Driver/Src/stm32u5xx_hal_tim.o
LOAD ./Drivers/STM32U5xx_HAL_Driver/Src/stm32u5xx_hal_tim_ex.o
LOAD ./Drivers/STM32U5xx_HAL_Driver/Src/stm32u5xx_hal_uart.o
LOAD ./Drivers/STM32U5xx_HAL_Driver/Src/stm32u5xx_hal_uart_ex.o
LOAD ./Drivers/STM32U5xx_HAL_Driver/Src/stm32u5xx_ll_dlyb.o
LOAD ./Drivers/STM32U5xx_HAL_Driver/Src/stm32u5xx_ll_dma.o
LOAD ./Drivers/STM32U5xx_HAL_Driver/Src/stm32u5xx_ll_exti.o
LOAD ./Drivers/STM32U5xx_HAL_Driver/Src/stm32u5xx_ll_gpio.o
LOAD ./Drivers/STM32U5xx_HAL_Driver/Src/stm32u5xx_ll_lpgpio.o
LOAD ./Drivers/STM32U5xx_HAL_Driver/Src/stm32u5xx_ll_ucpd.o
LOAD ./Drivers/STM32U5xx_HAL_Driver/Src/stm32u5xx_ll_usb.o
LOAD ./Drivers/STM32U5xx_HAL_Driver/Src/stm32u5xx_ll_utils.o
START GROUP
LOAD c:/st/stm32cubeide_1.12.1/stm32cubeide/plugins/com.st.stm32cube.ide.mcu.externaltools.gnu-tools-for-stm32.10.3-2021.10.win32_1.0.200.202301161003/tools/bin/../lib/gcc/arm-none-eabi/10.3.1/../../../../arm-none-eabi/lib/thumb/v8-m.main+fp/hard\libc_nano.a
LOAD c:/st/stm32cubeide_1.12.1/stm32cubeide/plugins/com.st.stm32cube.ide.mcu.externaltools.gnu-tools-for-stm32.10.3-2021.10.win32_1.0.200.202301161003/tools/bin/../lib/gcc/arm-none-eabi/10.3.1/../../../../arm-none-eabi/lib/thumb/v8-m.main+fp/hard\libm.a
END GROUP
START GROUP
LOAD c:/st/stm32cubeide_1.12.1/stm32cubeide/plugins/com.st.stm32cube.ide.mcu.externaltools.gnu-tools-for-stm32.10.3-2021.10.win32_1.0.200.202301161003/tools/bin/../lib/gcc/arm-none-eabi/10.3.1/thumb/v8-m.main+fp/hard\libgcc.a
LOAD c:/st/stm32cubeide_1.12.1/stm32cubeide/plugins/com.st.stm32cube.ide.mcu.externaltools.gnu-tools-for-stm32.10.3-2021.10.win32_1.0.200.202301161003/tools/bin/../lib/gcc/arm-none-eabi/10.3.1/../../../../arm-none-eabi/lib/thumb/v8-m.main+fp/hard\libc_nano.a
END GROUP
START GROUP
LOAD c:/st/stm32cubeide_1.12.1/stm32cubeide/plugins/com.st.stm32cube.ide.mcu.externaltools.gnu-tools-for-stm32.10.3-2021.10.win32_1.0.200.202301161003/tools/bin/../lib/gcc/arm-none-eabi/10.3.1/thumb/v8-m.main+fp/hard\libgcc.a
LOAD c:/st/stm32cubeide_1.12.1/stm32cubeide/plugins/com.st.stm32cube.ide.mcu.externaltools.gnu-tools-for-stm32.10.3-2021.10.win32_1.0.200.202301161003/tools/bin/../lib/gcc/arm-none-eabi/10.3.1/../../../../arm-none-eabi/lib/thumb/v8-m.main+fp/hard\libc_nano.a
LOAD c:/st/stm32cubeide_1.12.1/stm32cubeide/plugins/com.st.stm32cube.ide.mcu.externaltools.gnu-tools-for-stm32.10.3-2021.10.win32_1.0.200.202301161003/tools/bin/../lib/gcc/arm-none-eabi/10.3.1/../../../../arm-none-eabi/lib/thumb/v8-m.main+fp/hard\libnosys.a
END GROUP
START GROUP
LOAD c:/st/stm32cubeide_1.12.1/stm32cubeide/plugins/com.st.stm32cube.ide.mcu.externaltools.gnu-tools-for-stm32.10.3-2021.10.win32_1.0.200.202301161003/tools/bin/../lib/gcc/arm-none-eabi/10.3.1/thumb/v8-m.main+fp/hard\libgcc.a
LOAD c:/st/stm32cubeide_1.12.1/stm32cubeide/plugins/com.st.stm32cube.ide.mcu.externaltools.gnu-tools-for-stm32.10.3-2021.10.win32_1.0.200.202301161003/tools/bin/../lib/gcc/arm-none-eabi/10.3.1/../../../../arm-none-eabi/lib/thumb/v8-m.main+fp/hard\libc_nano.a
LOAD c:/st/stm32cubeide_1.12.1/stm32cubeide/plugins/com.st.stm32cube.ide.mcu.externaltools.gnu-tools-for-stm32.10.3-2021.10.win32_1.0.200.202301161003/tools/bin/../lib/gcc/arm-none-eabi/10.3.1/../../../../arm-none-eabi/lib/thumb/v8-m.main+fp/hard\libnosys.a
END GROUP
LOAD c:/st/stm32cubeide_1.12.1/stm32cubeide/plugins/com.st.stm32cube.ide.mcu.externaltools.gnu-tools-for-stm32.10.3-2021.10.win32_1.0.200.202301161003/tools/bin/../lib/gcc/arm-none-eabi/10.3.1/thumb/v8-m.main+fp/hard/crtend.o
LOAD c:/st/stm32cubeide_1.12.1/stm32cubeide/plugins/com.st.stm32cube.ide.mcu.externaltools.gnu-tools-for-stm32.10.3-2021.10.win32_1.0.200.202301161003/tools/bin/../lib/gcc/arm-none-eabi/10.3.1/thumb/v8-m.main+fp/hard/crtn.o
                0x00000000200c0000                _estack = (ORIGIN (RAM) + LENGTH (RAM))
                0x0000000000000200                _Min_Heap_Size = 0x200
                0x0000000000000400                _Min_Stack_Size = 0x400

.isr_vector     0x0000000008000000      0x238
 *(.isr_vector)
 .isr_vector    0x0000000008000000      0x238 ./Core/Startup/startup_stm32u585aiixq.o
                0x0000000008000000                g_pfnVectors

.text           0x0000000008000238     0xe888
 *(.text)
 .text          0x0000000008000238       0x40 c:/st/stm32cubeide_1.12.1/stm32cubeide/plugins/com.st.stm32cube.ide.mcu.externaltools.gnu-tools-for-stm32.10.3-2021.10.win32_1.0.200.202301161003/tools/bin/../lib/gcc/arm-none-eabi/10.3.1/thumb/v8-m.main+fp/hard/crtbegin.o
 .text          0x0000000008000278       0x10 c:/st/stm32cubeide_1.12.1/stm32cubeide/plugins/com.st.stm32cube.ide.mcu.externaltools.gnu-tools-for-stm32.10.3-2021.10.win32_1.0.200.202301161003/tools/bin/../lib/gcc/arm-none-eabi/10.3.1/../../../../arm-none-eabi/lib/thumb/v8-m.main+fp/hard\libc_nano.a(lib_a-strlen.o)
                0x0000000008000278                strlen
 .text          0x0000000008000288       0x30 c:/st/stm32cubeide_1.12.1/stm32cubeide/plugins/com.st.stm32cube.ide.mcu.externaltools.gnu-tools-for-stm32.10.3-2021.10.win32_1.0.200.202301161003/tools/bin/../lib/gcc/arm-none-eabi/10.3.1/thumb/v8-m.main+fp/hard\libgcc.a(_aeabi_uldivmod.o)
                0x0000000008000288                __aeabi_uldivmod
 .text          0x00000000080002b8      0x2ec c:/st/stm32cubeide_1.12.1/stm32cubeide/plugins/com.st.stm32cube.ide.mcu.externaltools.gnu-tools-for-stm32.10.3-2021.10.win32_1.0.200.202301161003/tools/bin/../lib/gcc/arm-none-eabi/10.3.1/thumb/v8-m.main+fp/hard\libgcc.a(_udivmoddi4.o)
                0x00000000080002b8                __udivmoddi4
 .text          0x00000000080005a4        0x4 c:/st/stm32cubeide_1.12.1/stm32cubeide/plugins/com.st.stm32cube.ide.mcu.externaltools.gnu-tools-for-stm32.10.3-2021.10.win32_1.0.200.202301161003/tools/bin/../lib/gcc/arm-none-eabi/10.3.1/thumb/v8-m.main+fp/hard\libgcc.a(_dvmd_tls.o)
                0x00000000080005a4                __aeabi_idiv0
                0x00000000080005a4                __aeabi_ldiv0
 *(.text*)
 .text.LL_AHB2_GRP1_EnableClock
                0x00000000080005a8       0x38 ./Core/Src/main.o
 .text.LL_APB1_GRP2_EnableClock
                0x00000000080005e0       0x38 ./Core/Src/main.o
 .text.main     0x0000000008000618       0xf0 ./Core/Src/main.o
                0x0000000008000618                main
 .text.ranging_uart
                0x0000000008000708      0x150 ./Core/Src/main.o
 .text.SystemClock_Config
                0x0000000008000858       0xbe ./Core/Src/main.o
                0x0000000008000858                SystemClock_Config
 .text.SystemPower_Config
                0x0000000008000916       0x1c ./Core/Src/main.o
 *fill*         0x0000000008000932        0x2 
 .text.Ranging_sensor_Init
                0x0000000008000934       0x9c ./Core/Src/main.o
 .text.raning_sensor_get_distance
                0x00000000080009d0       0x2a ./Core/Src/main.o
 *fill*         0x00000000080009fa        0x2 
 .text.MX_ADF1_Init
                0x00000000080009fc       0x98 ./Core/Src/main.o
 .text.MX_I2C1_Init
                0x0000000008000a94       0x80 ./Core/Src/main.o
 .text.MX_I2C2_Init
                0x0000000008000b14       0x80 ./Core/Src/main.o
 .text.MX_ICACHE_Init
                0x0000000008000b94       0x26 ./Core/Src/main.o
 *fill*         0x0000000008000bba        0x2 
 .text.MX_OCTOSPI1_Init
                0x0000000008000bbc       0xf4 ./Core/Src/main.o
 .text.MX_OCTOSPI2_Init
                0x0000000008000cb0       0xf8 ./Core/Src/main.o
 .text.MX_SPI2_Init
                0x0000000008000da8       0xdc ./Core/Src/main.o
 .text.MX_UART4_Init
                0x0000000008000e84       0x98 ./Core/Src/main.o
 .text.MX_USART1_UART_Init
                0x0000000008000f1c       0x98 ./Core/Src/main.o
 .text.MX_UCPD1_Init
                0x0000000008000fb4       0x6c ./Core/Src/main.o
 .text.MX_USB_OTG_FS_PCD_Init
                0x0000000008001020       0x58 ./Core/Src/main.o
 .text.MX_GPIO_Init
                0x0000000008001078      0x2c4 ./Core/Src/main.o
 .text.Error_Handler
                0x000000000800133c        0xa ./Core/Src/main.o
                0x000000000800133c                Error_Handler
 *fill*         0x0000000008001346        0x2 
 .text.HAL_MspInit
                0x0000000008001348       0x34 ./Core/Src/stm32u5xx_hal_msp.o
                0x0000000008001348                HAL_MspInit
 .text.HAL_MDF_MspInit
                0x000000000800137c       0xd4 ./Core/Src/stm32u5xx_hal_msp.o
                0x000000000800137c                HAL_MDF_MspInit
 .text.HAL_I2C_MspInit
                0x0000000008001450      0x174 ./Core/Src/stm32u5xx_hal_msp.o
                0x0000000008001450                HAL_I2C_MspInit
 .text.HAL_I2C_MspDeInit
                0x00000000080015c4       0x80 ./Core/Src/stm32u5xx_hal_msp.o
                0x00000000080015c4                HAL_I2C_MspDeInit
 .text.HAL_OSPI_MspInit
                0x0000000008001644      0x4d4 ./Core/Src/stm32u5xx_hal_msp.o
                0x0000000008001644                HAL_OSPI_MspInit
 .text.HAL_SPI_MspInit
                0x0000000008001b18      0x120 ./Core/Src/stm32u5xx_hal_msp.o
                0x0000000008001b18                HAL_SPI_MspInit
 .text.HAL_UART_MspInit
                0x0000000008001c38      0x170 ./Core/Src/stm32u5xx_hal_msp.o
                0x0000000008001c38                HAL_UART_MspInit
 .text.HAL_PCD_MspInit
                0x0000000008001da8      0x118 ./Core/Src/stm32u5xx_hal_msp.o
                0x0000000008001da8                HAL_PCD_MspInit
 .text.NMI_Handler
                0x0000000008001ec0        0x6 ./Core/Src/stm32u5xx_it.o
                0x0000000008001ec0                NMI_Handler
 .text.HardFault_Handler
                0x0000000008001ec6        0x6 ./Core/Src/stm32u5xx_it.o
                0x0000000008001ec6                HardFault_Handler
 .text.MemManage_Handler
                0x0000000008001ecc        0x6 ./Core/Src/stm32u5xx_it.o
                0x0000000008001ecc                MemManage_Handler
 .text.BusFault_Handler
                0x0000000008001ed2        0x6 ./Core/Src/stm32u5xx_it.o
                0x0000000008001ed2                BusFault_Handler
 .text.UsageFault_Handler
                0x0000000008001ed8        0x6 ./Core/Src/stm32u5xx_it.o
                0x0000000008001ed8                UsageFault_Handler
 .text.SVC_Handler
                0x0000000008001ede        0xe ./Core/Src/stm32u5xx_it.o
                0x0000000008001ede                SVC_Handler
 .text.DebugMon_Handler
                0x0000000008001eec        0xe ./Core/Src/stm32u5xx_it.o
                0x0000000008001eec                DebugMon_Handler
 .text.PendSV_Handler
                0x0000000008001efa        0xe ./Core/Src/stm32u5xx_it.o
                0x0000000008001efa                PendSV_Handler
 .text.SysTick_Handler
                0x0000000008001f08        0xc ./Core/Src/stm32u5xx_it.o
                0x0000000008001f08                SysTick_Handler
 .text._sbrk    0x0000000008001f14       0x6c ./Core/Src/sysmem.o
                0x0000000008001f14                _sbrk
 .text.SystemInit
                0x0000000008001f80       0x70 ./Core/Src/system_stm32u5xx.o
                0x0000000008001f80                SystemInit
 .text.Reset_Handler
                0x0000000008001ff0       0x50 ./Core/Startup/startup_stm32u585aiixq.o
                0x0000000008001ff0                Reset_Handler
 .text.Default_Handler
                0x0000000008002040        0x2 ./Core/Startup/startup_stm32u585aiixq.o
                0x0000000008002040                EXTI2_IRQHandler
                0x0000000008002040                TIM8_TRG_COM_IRQHandler
                0x0000000008002040                TIM8_CC_IRQHandler
                0x0000000008002040                EXTI5_IRQHandler
                0x0000000008002040                FLASH_S_IRQHandler
                0x0000000008002040                EXTI13_IRQHandler
                0x0000000008002040                TIM1_CC_IRQHandler
                0x0000000008002040                TSC_IRQHandler
                0x0000000008002040                TAMP_IRQHandler
                0x0000000008002040                TIM6_IRQHandler
                0x0000000008002040                EXTI12_IRQHandler
                0x0000000008002040                CORDIC_IRQHandler
                0x0000000008002040                EXTI3_IRQHandler
                0x0000000008002040                LPTIM4_IRQHandler
                0x0000000008002040                GPDMA1_Channel5_IRQHandler
                0x0000000008002040                EXTI8_IRQHandler
                0x0000000008002040                LPTIM2_IRQHandler
                0x0000000008002040                I2C3_ER_IRQHandler
                0x0000000008002040                PWR_S3WU_IRQHandler
                0x0000000008002040                MDF1_FLT2_IRQHandler
                0x0000000008002040                LPDMA1_Channel3_IRQHandler
                0x0000000008002040                LPTIM3_IRQHandler
                0x0000000008002040                EXTI0_IRQHandler
                0x0000000008002040                I2C2_EV_IRQHandler
                0x0000000008002040                FPU_IRQHandler
                0x0000000008002040                GPDMA1_Channel3_IRQHandler
                0x0000000008002040                GPDMA1_Channel7_IRQHandler
                0x0000000008002040                MDF1_FLT4_IRQHandler
                0x0000000008002040                FDCAN1_IT1_IRQHandler
                0x0000000008002040                RAMCFG_IRQHandler
                0x0000000008002040                GPDMA1_Channel9_IRQHandler
                0x0000000008002040                DCACHE1_IRQHandler
                0x0000000008002040                SPI1_IRQHandler
                0x0000000008002040                OCTOSPI1_IRQHandler
                0x0000000008002040                GPDMA1_Channel2_IRQHandler
                0x0000000008002040                TIM8_UP_IRQHandler
                0x0000000008002040                RCC_S_IRQHandler
                0x0000000008002040                OCTOSPI2_IRQHandler
                0x0000000008002040                SAI2_IRQHandler
                0x0000000008002040                MDF1_FLT1_IRQHandler
                0x0000000008002040                ADC1_IRQHandler
                0x0000000008002040                PKA_IRQHandler
                0x0000000008002040                MDF1_FLT5_IRQHandler
                0x0000000008002040                EXTI15_IRQHandler
                0x0000000008002040                TIM17_IRQHandler
                0x0000000008002040                USART3_IRQHandler
                0x0000000008002040                RTC_IRQHandler
                0x0000000008002040                EXTI9_IRQHandler
                0x0000000008002040                UART5_IRQHandler
                0x0000000008002040                TIM4_IRQHandler
                0x0000000008002040                I2C1_EV_IRQHandler
                0x0000000008002040                GPDMA1_Channel12_IRQHandler
                0x0000000008002040                GPDMA1_Channel1_IRQHandler
                0x0000000008002040                TIM16_IRQHandler
                0x0000000008002040                GPDMA1_Channel15_IRQHandler
                0x0000000008002040                UART4_IRQHandler
                0x0000000008002040                SecureFault_Handler
                0x0000000008002040                TIM3_IRQHandler
                0x0000000008002040                RCC_IRQHandler
                0x0000000008002040                TIM1_TRG_COM_IRQHandler
                0x0000000008002040                Default_Handler
                0x0000000008002040                GPDMA1_Channel8_IRQHandler
                0x0000000008002040                FMAC_IRQHandler
                0x0000000008002040                OTFDEC1_IRQHandler
                0x0000000008002040                GPDMA1_Channel11_IRQHandler
                0x0000000008002040                TIM7_IRQHandler
                0x0000000008002040                SDMMC1_IRQHandler
                0x0000000008002040                SAES_IRQHandler
                0x0000000008002040                TIM5_IRQHandler
                0x0000000008002040                UCPD1_IRQHandler
                0x0000000008002040                GPDMA1_Channel0_IRQHandler
                0x0000000008002040                TIM15_IRQHandler
                0x0000000008002040                I2C3_EV_IRQHandler
                0x0000000008002040                LPDMA1_Channel0_IRQHandler
                0x0000000008002040                PVD_PVM_IRQHandler
                0x0000000008002040                SPI2_IRQHandler
                0x0000000008002040                LPDMA1_Channel1_IRQHandler
                0x0000000008002040                EXTI14_IRQHandler
                0x0000000008002040                EXTI11_IRQHandler
                0x0000000008002040                OTFDEC2_IRQHandler
                0x0000000008002040                CRS_IRQHandler
                0x0000000008002040                GPDMA1_Channel14_IRQHandler
                0x0000000008002040                LSECSSD_IRQHandler
                0x0000000008002040                EXTI4_IRQHandler
                0x0000000008002040                RTC_S_IRQHandler
                0x0000000008002040                GPDMA1_Channel13_IRQHandler
                0x0000000008002040                RNG_IRQHandler
                0x0000000008002040                COMP_IRQHandler
                0x0000000008002040                TIM1_UP_IRQHandler
                0x0000000008002040                ADC4_IRQHandler
                0x0000000008002040                WWDG_IRQHandler
                0x0000000008002040                I2C4_EV_IRQHandler
                0x0000000008002040                ADF1_IRQHandler
                0x0000000008002040                IWDG_IRQHandler
                0x0000000008002040                LPUART1_IRQHandler
                0x0000000008002040                MDF1_FLT0_IRQHandler
                0x0000000008002040                FDCAN1_IT0_IRQHandler
                0x0000000008002040                TIM2_IRQHandler
                0x0000000008002040                GPDMA1_Channel4_IRQHandler
                0x0000000008002040                EXTI7_IRQHandler
                0x0000000008002040                DMA2D_IRQHandler
                0x0000000008002040                TIM1_BRK_IRQHandler
                0x0000000008002040                EXTI1_IRQHandler
                0x0000000008002040                SDMMC2_IRQHandler
                0x0000000008002040                AES_IRQHandler
                0x0000000008002040                DAC1_IRQHandler
                0x0000000008002040                GTZC_IRQHandler
                0x0000000008002040                MDF1_FLT3_IRQHandler
                0x0000000008002040                USART2_IRQHandler
                0x0000000008002040                GPDMA1_Channel6_IRQHandler
                0x0000000008002040                I2C2_ER_IRQHandler
                0x0000000008002040                TIM8_BRK_IRQHandler
                0x0000000008002040                FLASH_IRQHandler
                0x0000000008002040                USART1_IRQHandler
                0x0000000008002040                EXTI10_IRQHandler
                0x0000000008002040                OTG_FS_IRQHandler
                0x0000000008002040                SPI3_IRQHandler
                0x0000000008002040                LPDMA1_Channel2_IRQHandler
                0x0000000008002040                I2C1_ER_IRQHandler
                0x0000000008002040                FMC_IRQHandler
                0x0000000008002040                EXTI6_IRQHandler
                0x0000000008002040                LPTIM1_IRQHandler
                0x0000000008002040                DCMI_PSSI_IRQHandler
                0x0000000008002040                I2C4_ER_IRQHandler
                0x0000000008002040                GPDMA1_Channel10_IRQHandler
                0x0000000008002040                ICACHE_IRQHandler
                0x0000000008002040                SAI1_IRQHandler
                0x0000000008002040                HASH_IRQHandler
 *fill*         0x0000000008002042        0x2 
 .text.BSP_I2C2_Init
                0x0000000008002044       0x74 ./Drivers/BSP/b_u585i_iot02a_bus.o
                0x0000000008002044                BSP_I2C2_Init
 .text.BSP_I2C2_DeInit
                0x00000000080020b8       0x48 ./Drivers/BSP/b_u585i_iot02a_bus.o
                0x00000000080020b8                BSP_I2C2_DeInit
 .text.MX_I2C2_Init
                0x0000000008002100       0x84 ./Drivers/BSP/b_u585i_iot02a_bus.o
                0x0000000008002100                MX_I2C2_Init
 .text.BSP_I2C2_WriteReg16
                0x0000000008002184       0x5c ./Drivers/BSP/b_u585i_iot02a_bus.o
                0x0000000008002184                BSP_I2C2_WriteReg16
 .text.BSP_I2C2_ReadReg16
                0x00000000080021e0       0x5c ./Drivers/BSP/b_u585i_iot02a_bus.o
                0x00000000080021e0                BSP_I2C2_ReadReg16
 .text.BSP_GetTick
                0x000000000800223c        0xe ./Drivers/BSP/b_u585i_iot02a_bus.o
                0x000000000800223c                BSP_GetTick
 *fill*         0x000000000800224a        0x2 
 .text.I2C_GetTiming
                0x000000000800224c      0x100 ./Drivers/BSP/b_u585i_iot02a_bus.o
 .text.I2C_Compute_PRESC_SCLDEL_SDADEL
                0x000000000800234c      0x1dc ./Drivers/BSP/b_u585i_iot02a_bus.o
 .text.I2C_Compute_SCLL_SCLH
                0x0000000008002528      0x210 ./Drivers/BSP/b_u585i_iot02a_bus.o
 .text.I2C2_MspInit
                0x0000000008002738       0xcc ./Drivers/BSP/b_u585i_iot02a_bus.o
 .text.I2C2_MspDeInit
                0x0000000008002804       0x44 ./Drivers/BSP/b_u585i_iot02a_bus.o
 .text.I2C2_WriteReg
                0x0000000008002848       0x4c ./Drivers/BSP/b_u585i_iot02a_bus.o
 .text.I2C2_ReadReg
                0x0000000008002894       0x4c ./Drivers/BSP/b_u585i_iot02a_bus.o
 .text.BSP_RANGING_SENSOR_Init
                0x00000000080028e0       0x2c ./Drivers/BSP/b_u585i_iot02a_ranging_sensor.o
                0x00000000080028e0                BSP_RANGING_SENSOR_Init
 .text.BSP_RANGING_SENSOR_ReadID
                0x000000000800290c       0x50 ./Drivers/BSP/b_u585i_iot02a_ranging_sensor.o
                0x000000000800290c                BSP_RANGING_SENSOR_ReadID
 .text.BSP_RANGING_SENSOR_GetCapabilities
                0x000000000800295c       0x50 ./Drivers/BSP/b_u585i_iot02a_ranging_sensor.o
                0x000000000800295c                BSP_RANGING_SENSOR_GetCapabilities
 .text.BSP_RANGING_SENSOR_ConfigProfile
                0x00000000080029ac       0x50 ./Drivers/BSP/b_u585i_iot02a_ranging_sensor.o
                0x00000000080029ac                BSP_RANGING_SENSOR_ConfigProfile
 .text.BSP_RANGING_SENSOR_GetDistance
                0x00000000080029fc       0x50 ./Drivers/BSP/b_u585i_iot02a_ranging_sensor.o
                0x00000000080029fc                BSP_RANGING_SENSOR_GetDistance
 .text.BSP_RANGING_SENSOR_Start
                0x0000000008002a4c       0x50 ./Drivers/BSP/b_u585i_iot02a_ranging_sensor.o
                0x0000000008002a4c                BSP_RANGING_SENSOR_Start
 .text.VL53L5CX_Probe
                0x0000000008002a9c      0x108 ./Drivers/BSP/b_u585i_iot02a_ranging_sensor.o
 .text.vl53l5cx_i2c_recover
                0x0000000008002ba4      0x118 ./Drivers/BSP/b_u585i_iot02a_ranging_sensor.o
 .text.RdByte   0x0000000008002cbc       0x2a ./Drivers/BSP/platform.o
                0x0000000008002cbc                RdByte
 .text.WrByte   0x0000000008002ce6       0x2c ./Drivers/BSP/platform.o
                0x0000000008002ce6                WrByte
 .text.WrMulti  0x0000000008002d12       0x2e ./Drivers/BSP/platform.o
                0x0000000008002d12                WrMulti
 .text.RdMulti  0x0000000008002d40       0x2e ./Drivers/BSP/platform.o
                0x0000000008002d40                RdMulti
 .text.SwapBuffer
                0x0000000008002d6e       0x6c ./Drivers/BSP/platform.o
                0x0000000008002d6e                SwapBuffer
 .text.WaitMs   0x0000000008002dda       0x34 ./Drivers/BSP/platform.o
                0x0000000008002dda                WaitMs
 .text.VL53L5CX_RegisterBusIO
                0x0000000008002e0e       0x90 ./Drivers/BSP/vl53l5cx.o
                0x0000000008002e0e                VL53L5CX_RegisterBusIO
 .text.VL53L5CX_Init
                0x0000000008002e9e       0x7e ./Drivers/BSP/vl53l5cx.o
                0x0000000008002e9e                VL53L5CX_Init
 .text.VL53L5CX_DeInit
                0x0000000008002f1c       0x52 ./Drivers/BSP/vl53l5cx.o
                0x0000000008002f1c                VL53L5CX_DeInit
 .text.VL53L5CX_ReadID
                0x0000000008002f6e       0xc0 ./Drivers/BSP/vl53l5cx.o
                0x0000000008002f6e                VL53L5CX_ReadID
 .text.VL53L5CX_GetCapabilities
                0x000000000800302e       0x48 ./Drivers/BSP/vl53l5cx.o
                0x000000000800302e                VL53L5CX_GetCapabilities
 *fill*         0x0000000008003076        0x2 
 .text.VL53L5CX_ConfigProfile
                0x0000000008003078      0x13c ./Drivers/BSP/vl53l5cx.o
                0x0000000008003078                VL53L5CX_ConfigProfile
 .text.VL53L5CX_ConfigROI
                0x00000000080031b4       0x1a ./Drivers/BSP/vl53l5cx.o
                0x00000000080031b4                VL53L5CX_ConfigROI
 *fill*         0x00000000080031ce        0x2 
 .text.VL53L5CX_ConfigIT
                0x00000000080031d0      0x170 ./Drivers/BSP/vl53l5cx.o
                0x00000000080031d0                VL53L5CX_ConfigIT
 .text.VL53L5CX_GetDistance
                0x0000000008003340       0x6c ./Drivers/BSP/vl53l5cx.o
                0x0000000008003340                VL53L5CX_GetDistance
 .text.VL53L5CX_Start
                0x00000000080033ac       0xbc ./Drivers/BSP/vl53l5cx.o
                0x00000000080033ac                VL53L5CX_Start
 .text.VL53L5CX_Stop
                0x0000000008003468       0x56 ./Drivers/BSP/vl53l5cx.o
                0x0000000008003468                VL53L5CX_Stop
 .text.VL53L5CX_SetAddress
                0x00000000080034be       0x50 ./Drivers/BSP/vl53l5cx.o
                0x00000000080034be                VL53L5CX_SetAddress
 .text.VL53L5CX_GetAddress
                0x000000000800350e       0x3a ./Drivers/BSP/vl53l5cx.o
                0x000000000800350e                VL53L5CX_GetAddress
 .text.VL53L5CX_SetPowerMode
                0x0000000008003548       0x58 ./Drivers/BSP/vl53l5cx.o
                0x0000000008003548                VL53L5CX_SetPowerMode
 .text.VL53L5CX_GetPowerMode
                0x00000000080035a0       0x58 ./Drivers/BSP/vl53l5cx.o
                0x00000000080035a0                VL53L5CX_GetPowerMode
 .text.vl53l5cx_poll_for_measurement
                0x00000000080035f8       0x58 ./Drivers/BSP/vl53l5cx.o
 .text.vl53l5cx_get_result
                0x0000000008003650      0x1cc ./Drivers/BSP/vl53l5cx.o
 .text.vl53l5cx_map_target_status
                0x000000000800381c       0x3a ./Drivers/BSP/vl53l5cx.o
 .text._vl53l5cx_poll_for_answer
                0x0000000008003856       0xa0 ./Drivers/BSP/vl53l5cx_api.o
 .text._vl53l5cx_poll_for_mcu_boot
                0x00000000080038f6       0x82 ./Drivers/BSP/vl53l5cx_api.o
 .text._vl53l5cx_send_offset_data
                0x0000000008003978      0x398 ./Drivers/BSP/vl53l5cx_api.o
 .text._vl53l5cx_send_xtalk_data
                0x0000000008003d10      0x298 ./Drivers/BSP/vl53l5cx_api.o
 .text.vl53l5cx_init
                0x0000000008003fa8      0x8d8 ./Drivers/BSP/vl53l5cx_api.o
                0x0000000008003fa8                vl53l5cx_init
 .text.vl53l5cx_set_i2c_address
                0x0000000008004880       0x6c ./Drivers/BSP/vl53l5cx_api.o
                0x0000000008004880                vl53l5cx_set_i2c_address
 .text.vl53l5cx_get_power_mode
                0x00000000080048ec       0x86 ./Drivers/BSP/vl53l5cx_api.o
                0x00000000080048ec                vl53l5cx_get_power_mode
 .text.vl53l5cx_set_power_mode
                0x0000000008004972       0xfc ./Drivers/BSP/vl53l5cx_api.o
                0x0000000008004972                vl53l5cx_set_power_mode
 *fill*         0x0000000008004a6e        0x2 
 .text.vl53l5cx_start_ranging
                0x0000000008004a70      0x2e8 ./Drivers/BSP/vl53l5cx_api.o
                0x0000000008004a70                vl53l5cx_start_ranging
 .text.vl53l5cx_stop_ranging
                0x0000000008004d58      0x1a0 ./Drivers/BSP/vl53l5cx_api.o
                0x0000000008004d58                vl53l5cx_stop_ranging
 .text.vl53l5cx_check_data_ready
                0x0000000008004ef8       0xa0 ./Drivers/BSP/vl53l5cx_api.o
                0x0000000008004ef8                vl53l5cx_check_data_ready
 .text.vl53l5cx_get_ranging_data
                0x0000000008004f98      0x3ac ./Drivers/BSP/vl53l5cx_api.o
                0x0000000008004f98                vl53l5cx_get_ranging_data
 .text.vl53l5cx_get_resolution
                0x0000000008005344       0x4a ./Drivers/BSP/vl53l5cx_api.o
                0x0000000008005344                vl53l5cx_get_resolution
 .text.vl53l5cx_set_resolution
                0x000000000800538e      0x1a8 ./Drivers/BSP/vl53l5cx_api.o
                0x000000000800538e                vl53l5cx_set_resolution
 .text.vl53l5cx_set_ranging_frequency_hz
                0x0000000008005536       0x42 ./Drivers/BSP/vl53l5cx_api.o
                0x0000000008005536                vl53l5cx_set_ranging_frequency_hz
 .text.vl53l5cx_set_integration_time_ms
                0x0000000008005578       0x6a ./Drivers/BSP/vl53l5cx_api.o
                0x0000000008005578                vl53l5cx_set_integration_time_ms
 .text.vl53l5cx_set_ranging_mode
                0x00000000080055e2       0xae ./Drivers/BSP/vl53l5cx_api.o
                0x00000000080055e2                vl53l5cx_set_ranging_mode
 .text.vl53l5cx_dci_read_data
                0x0000000008005690      0x114 ./Drivers/BSP/vl53l5cx_api.o
                0x0000000008005690                vl53l5cx_dci_read_data
 .text.vl53l5cx_dci_write_data
                0x00000000080057a4      0x13c ./Drivers/BSP/vl53l5cx_api.o
                0x00000000080057a4                vl53l5cx_dci_write_data
 .text.vl53l5cx_dci_replace_data
                0x00000000080058e0       0x58 ./Drivers/BSP/vl53l5cx_api.o
                0x00000000080058e0                vl53l5cx_dci_replace_data
 .text.vl53l5cx_set_detection_thresholds_enable
                0x0000000008005938       0x8c ./Drivers/BSP/vl53l5cx_plugin_detection_thresholds.o
                0x0000000008005938                vl53l5cx_set_detection_thresholds_enable
 .text.vl53l5cx_set_detection_thresholds
                0x00000000080059c4      0x2c0 ./Drivers/BSP/vl53l5cx_plugin_detection_thresholds.o
                0x00000000080059c4                vl53l5cx_set_detection_thresholds
 .text.HAL_Init
                0x0000000008005c84       0x5c ./Drivers/STM32U5xx_HAL_Driver/Src/stm32u5xx_hal.o
                0x0000000008005c84                HAL_Init
 .text.HAL_InitTick
                0x0000000008005ce0       0x6c ./Drivers/STM32U5xx_HAL_Driver/Src/stm32u5xx_hal.o
                0x0000000008005ce0                HAL_InitTick
 .text.HAL_IncTick
                0x0000000008005d4c       0x28 ./Drivers/STM32U5xx_HAL_Driver/Src/stm32u5xx_hal.o
                0x0000000008005d4c                HAL_IncTick
 .text.HAL_GetTick
                0x0000000008005d74       0x18 ./Drivers/STM32U5xx_HAL_Driver/Src/stm32u5xx_hal.o
                0x0000000008005d74                HAL_GetTick
 .text.HAL_Delay
                0x0000000008005d8c       0x48 ./Drivers/STM32U5xx_HAL_Driver/Src/stm32u5xx_hal.o
                0x0000000008005d8c                HAL_Delay
 .text.__NVIC_SetPriorityGrouping
                0x0000000008005dd4       0x48 ./Drivers/STM32U5xx_HAL_Driver/Src/stm32u5xx_hal_cortex.o
 .text.__NVIC_GetPriorityGrouping
                0x0000000008005e1c       0x1c ./Drivers/STM32U5xx_HAL_Driver/Src/stm32u5xx_hal_cortex.o
 .text.__NVIC_SetPriority
                0x0000000008005e38       0x54 ./Drivers/STM32U5xx_HAL_Driver/Src/stm32u5xx_hal_cortex.o
 .text.NVIC_EncodePriority
                0x0000000008005e8c       0x66 ./Drivers/STM32U5xx_HAL_Driver/Src/stm32u5xx_hal_cortex.o
 *fill*         0x0000000008005ef2        0x2 
 .text.SysTick_Config
                0x0000000008005ef4       0x44 ./Drivers/STM32U5xx_HAL_Driver/Src/stm32u5xx_hal_cortex.o
 .text.HAL_NVIC_SetPriorityGrouping
                0x0000000008005f38       0x16 ./Drivers/STM32U5xx_HAL_Driver/Src/stm32u5xx_hal_cortex.o
                0x0000000008005f38                HAL_NVIC_SetPriorityGrouping
 .text.HAL_NVIC_SetPriority
                0x0000000008005f4e       0x34 ./Drivers/STM32U5xx_HAL_Driver/Src/stm32u5xx_hal_cortex.o
                0x0000000008005f4e                HAL_NVIC_SetPriority
 .text.HAL_SYSTICK_Config
                0x0000000008005f82       0x18 ./Drivers/STM32U5xx_HAL_Driver/Src/stm32u5xx_hal_cortex.o
                0x0000000008005f82                HAL_SYSTICK_Config
 .text.HAL_DMA_Abort
                0x0000000008005f9a       0xf8 ./Drivers/STM32U5xx_HAL_Driver/Src/stm32u5xx_hal_dma.o
                0x0000000008005f9a                HAL_DMA_Abort
 *fill*         0x0000000008006092        0x2 
 .text.HAL_GPIO_Init
                0x0000000008006094      0x3b0 ./Drivers/STM32U5xx_HAL_Driver/Src/stm32u5xx_hal_gpio.o
                0x0000000008006094                HAL_GPIO_Init
 .text.HAL_GPIO_DeInit
                0x0000000008006444      0x1bc ./Drivers/STM32U5xx_HAL_Driver/Src/stm32u5xx_hal_gpio.o
                0x0000000008006444                HAL_GPIO_DeInit
 .text.HAL_GPIO_ReadPin
                0x0000000008006600       0x30 ./Drivers/STM32U5xx_HAL_Driver/Src/stm32u5xx_hal_gpio.o
                0x0000000008006600                HAL_GPIO_ReadPin
 .text.HAL_GPIO_WritePin
                0x0000000008006630       0x30 ./Drivers/STM32U5xx_HAL_Driver/Src/stm32u5xx_hal_gpio.o
                0x0000000008006630                HAL_GPIO_WritePin
 .text.HAL_GPIO_TogglePin
                0x0000000008006660       0x34 ./Drivers/STM32U5xx_HAL_Driver/Src/stm32u5xx_hal_gpio.o
                0x0000000008006660                HAL_GPIO_TogglePin
 .text.HAL_I2C_Init
                0x0000000008006694      0x11e ./Drivers/STM32U5xx_HAL_Driver/Src/stm32u5xx_hal_i2c.o
                0x0000000008006694                HAL_I2C_Init
 .text.HAL_I2C_DeInit
                0x00000000080067b2       0x5e ./Drivers/STM32U5xx_HAL_Driver/Src/stm32u5xx_hal_i2c.o
                0x00000000080067b2                HAL_I2C_DeInit
 .text.HAL_I2C_Mem_Write
                0x0000000008006810      0x228 ./Drivers/STM32U5xx_HAL_Driver/Src/stm32u5xx_hal_i2c.o
                0x0000000008006810                HAL_I2C_Mem_Write
 .text.HAL_I2C_Mem_Read
                0x0000000008006a38      0x234 ./Drivers/STM32U5xx_HAL_Driver/Src/stm32u5xx_hal_i2c.o
                0x0000000008006a38                HAL_I2C_Mem_Read
 .text.HAL_I2C_GetState
                0x0000000008006c6c       0x1c ./Drivers/STM32U5xx_HAL_Driver/Src/stm32u5xx_hal_i2c.o
                0x0000000008006c6c                HAL_I2C_GetState
 .text.HAL_I2C_GetError
                0x0000000008006c88       0x18 ./Drivers/STM32U5xx_HAL_Driver/Src/stm32u5xx_hal_i2c.o
                0x0000000008006c88                HAL_I2C_GetError
 .text.I2C_RequestMemoryWrite
                0x0000000008006ca0       0xa8 ./Drivers/STM32U5xx_HAL_Driver/Src/stm32u5xx_hal_i2c.o
 .text.I2C_RequestMemoryRead
                0x0000000008006d48       0xa8 ./Drivers/STM32U5xx_HAL_Driver/Src/stm32u5xx_hal_i2c.o
 .text.I2C_Flush_TXDR
                0x0000000008006df0       0x48 ./Drivers/STM32U5xx_HAL_Driver/Src/stm32u5xx_hal_i2c.o
 .text.I2C_WaitOnFlagUntilTimeout
                0x0000000008006e38       0x9e ./Drivers/STM32U5xx_HAL_Driver/Src/stm32u5xx_hal_i2c.o
 .text.I2C_WaitOnTXISFlagUntilTimeout
                0x0000000008006ed6       0x8e ./Drivers/STM32U5xx_HAL_Driver/Src/stm32u5xx_hal_i2c.o
 .text.I2C_WaitOnSTOPFlagUntilTimeout
                0x0000000008006f64       0x86 ./Drivers/STM32U5xx_HAL_Driver/Src/stm32u5xx_hal_i2c.o
 *fill*         0x0000000008006fea        0x2 
 .text.I2C_IsErrorOccurred
                0x0000000008006fec      0x1c0 ./Drivers/STM32U5xx_HAL_Driver/Src/stm32u5xx_hal_i2c.o
 .text.I2C_TransferConfig
                0x00000000080071ac       0x64 ./Drivers/STM32U5xx_HAL_Driver/Src/stm32u5xx_hal_i2c.o
 .text.HAL_I2CEx_ConfigAnalogFilter
                0x0000000008007210       0x96 ./Drivers/STM32U5xx_HAL_Driver/Src/stm32u5xx_hal_i2c_ex.o
                0x0000000008007210                HAL_I2CEx_ConfigAnalogFilter
 .text.HAL_I2CEx_ConfigDigitalFilter
                0x00000000080072a6       0x98 ./Drivers/STM32U5xx_HAL_Driver/Src/stm32u5xx_hal_i2c_ex.o
                0x00000000080072a6                HAL_I2CEx_ConfigDigitalFilter
 *fill*         0x000000000800733e        0x2 
 .text.HAL_ICACHE_ConfigAssociativityMode
                0x0000000008007340       0x40 ./Drivers/STM32U5xx_HAL_Driver/Src/stm32u5xx_hal_icache.o
                0x0000000008007340                HAL_ICACHE_ConfigAssociativityMode
 .text.HAL_ICACHE_Enable
                0x0000000008007380       0x20 ./Drivers/STM32U5xx_HAL_Driver/Src/stm32u5xx_hal_icache.o
                0x0000000008007380                HAL_ICACHE_Enable
 .text.HAL_MDF_Init
                0x00000000080073a0      0x2b0 ./Drivers/STM32U5xx_HAL_Driver/Src/stm32u5xx_hal_mdf.o
                0x00000000080073a0                HAL_MDF_Init
 .text.MDF_GetHandleNumberFromInstance
                0x0000000008007650       0x88 ./Drivers/STM32U5xx_HAL_Driver/Src/stm32u5xx_hal_mdf.o
 .text.LL_DLYB_Enable
                0x00000000080076d8       0x20 ./Drivers/STM32U5xx_HAL_Driver/Src/stm32u5xx_hal_ospi.o
 .text.HAL_OSPI_Init
                0x00000000080076f8      0x178 ./Drivers/STM32U5xx_HAL_Driver/Src/stm32u5xx_hal_ospi.o
                0x00000000080076f8                HAL_OSPI_Init
 .text.HAL_OSPI_Abort
                0x0000000008007870       0xea ./Drivers/STM32U5xx_HAL_Driver/Src/stm32u5xx_hal_ospi.o
                0x0000000008007870                HAL_OSPI_Abort
 .text.HAL_OSPI_SetTimeout
                0x000000000800795a       0x1e ./Drivers/STM32U5xx_HAL_Driver/Src/stm32u5xx_hal_ospi.o
                0x000000000800795a                HAL_OSPI_SetTimeout
 .text.HAL_OSPIM_Config
                0x0000000008007978      0x9e4 ./Drivers/STM32U5xx_HAL_Driver/Src/stm32u5xx_hal_ospi.o
                0x0000000008007978                HAL_OSPIM_Config
 .text.OSPI_WaitFlagStateUntilTimeout
                0x000000000800835c       0x7e ./Drivers/STM32U5xx_HAL_Driver/Src/stm32u5xx_hal_ospi.o
 *fill*         0x00000000080083da        0x2 
 .text.OSPIM_GetConfig
                0x00000000080083dc      0x174 ./Drivers/STM32U5xx_HAL_Driver/Src/stm32u5xx_hal_ospi.o
 .text.HAL_OSPI_DLYB_SetConfig
                0x0000000008008550       0x90 ./Drivers/STM32U5xx_HAL_Driver/Src/stm32u5xx_hal_ospi.o
                0x0000000008008550                HAL_OSPI_DLYB_SetConfig
 .text.HAL_PCD_Init
                0x00000000080085e0      0x248 ./Drivers/STM32U5xx_HAL_Driver/Src/stm32u5xx_hal_pcd.o
                0x00000000080085e0                HAL_PCD_Init
 .text.HAL_PCDEx_ActivateLPM
                0x0000000008008828       0x48 ./Drivers/STM32U5xx_HAL_Driver/Src/stm32u5xx_hal_pcd_ex.o
                0x0000000008008828                HAL_PCDEx_ActivateLPM
 .text.HAL_PWREx_ControlVoltageScaling
                0x0000000008008870       0xfc ./Drivers/STM32U5xx_HAL_Driver/Src/stm32u5xx_hal_pwr_ex.o
                0x0000000008008870                HAL_PWREx_ControlVoltageScaling
 .text.HAL_PWREx_GetVoltageRange
                0x000000000800896c       0x1c ./Drivers/STM32U5xx_HAL_Driver/Src/stm32u5xx_hal_pwr_ex.o
                0x000000000800896c                HAL_PWREx_GetVoltageRange
 .text.HAL_PWREx_ConfigSupply
                0x0000000008008988       0xa0 ./Drivers/STM32U5xx_HAL_Driver/Src/stm32u5xx_hal_pwr_ex.o
                0x0000000008008988                HAL_PWREx_ConfigSupply
 .text.HAL_PWREx_EnableVddUSB
                0x0000000008008a28       0x20 ./Drivers/STM32U5xx_HAL_Driver/Src/stm32u5xx_hal_pwr_ex.o
                0x0000000008008a28                HAL_PWREx_EnableVddUSB
 .text.HAL_PWREx_EnableVddIO2
                0x0000000008008a48       0x20 ./Drivers/STM32U5xx_HAL_Driver/Src/stm32u5xx_hal_pwr_ex.o
                0x0000000008008a48                HAL_PWREx_EnableVddIO2
 .text.HAL_RCC_OscConfig
                0x0000000008008a68      0xdb8 ./Drivers/STM32U5xx_HAL_Driver/Src/stm32u5xx_hal_rcc.o
                0x0000000008008a68                HAL_RCC_OscConfig
 .text.HAL_RCC_ClockConfig
                0x0000000008009820      0x3e4 ./Drivers/STM32U5xx_HAL_Driver/Src/stm32u5xx_hal_rcc.o
                0x0000000008009820                HAL_RCC_ClockConfig
 .text.HAL_RCC_GetSysClockFreq
                0x0000000008009c04      0x210 ./Drivers/STM32U5xx_HAL_Driver/Src/stm32u5xx_hal_rcc.o
                0x0000000008009c04                HAL_RCC_GetSysClockFreq
 .text.HAL_RCC_GetHCLKFreq
                0x0000000008009e14       0x34 ./Drivers/STM32U5xx_HAL_Driver/Src/stm32u5xx_hal_rcc.o
                0x0000000008009e14                HAL_RCC_GetHCLKFreq
 .text.HAL_RCC_GetPCLK1Freq
                0x0000000008009e48       0x28 ./Drivers/STM32U5xx_HAL_Driver/Src/stm32u5xx_hal_rcc.o
                0x0000000008009e48                HAL_RCC_GetPCLK1Freq
 .text.HAL_RCC_GetPCLK2Freq
                0x0000000008009e70       0x28 ./Drivers/STM32U5xx_HAL_Driver/Src/stm32u5xx_hal_rcc.o
                0x0000000008009e70                HAL_RCC_GetPCLK2Freq
 .text.HAL_RCC_GetPCLK3Freq
                0x0000000008009e98       0x28 ./Drivers/STM32U5xx_HAL_Driver/Src/stm32u5xx_hal_rcc.o
                0x0000000008009e98                HAL_RCC_GetPCLK3Freq
 .text.RCC_SetFlashLatencyFromMSIRange
                0x0000000008009ec0      0x10c ./Drivers/STM32U5xx_HAL_Driver/Src/stm32u5xx_hal_rcc.o
 .text.HAL_RCCEx_PeriphCLKConfig
                0x0000000008009fcc      0xb80 ./Drivers/STM32U5xx_HAL_Driver/Src/stm32u5xx_hal_rcc_ex.o
                0x0000000008009fcc                HAL_RCCEx_PeriphCLKConfig
 .text.HAL_RCCEx_GetPLL1ClockFreq
                0x000000000800ab4c      0x2d0 ./Drivers/STM32U5xx_HAL_Driver/Src/stm32u5xx_hal_rcc_ex.o
                0x000000000800ab4c                HAL_RCCEx_GetPLL1ClockFreq
 .text.HAL_RCCEx_GetPLL2ClockFreq
                0x000000000800ae1c      0x2d0 ./Drivers/STM32U5xx_HAL_Driver/Src/stm32u5xx_hal_rcc_ex.o
                0x000000000800ae1c                HAL_RCCEx_GetPLL2ClockFreq
 .text.HAL_RCCEx_GetPLL3ClockFreq
                0x000000000800b0ec      0x2d0 ./Drivers/STM32U5xx_HAL_Driver/Src/stm32u5xx_hal_rcc_ex.o
                0x000000000800b0ec                HAL_RCCEx_GetPLL3ClockFreq
 .text.HAL_RCCEx_GetPeriphCLKFreq
                0x000000000800b3bc     0x13c4 ./Drivers/STM32U5xx_HAL_Driver/Src/stm32u5xx_hal_rcc_ex.o
                0x000000000800b3bc                HAL_RCCEx_GetPeriphCLKFreq
 .text.RCCEx_PLL2_Config
                0x000000000800c780      0x130 ./Drivers/STM32U5xx_HAL_Driver/Src/stm32u5xx_hal_rcc_ex.o
 .text.RCCEx_PLL3_Config
                0x000000000800c8b0      0x130 ./Drivers/STM32U5xx_HAL_Driver/Src/stm32u5xx_hal_rcc_ex.o
 .text.HAL_SPI_Init
                0x000000000800c9e0      0x22c ./Drivers/STM32U5xx_HAL_Driver/Src/stm32u5xx_hal_spi.o
                0x000000000800c9e0                HAL_SPI_Init
 .text.SPI_GetPacketSize
                0x000000000800cc0c       0x36 ./Drivers/STM32U5xx_HAL_Driver/Src/stm32u5xx_hal_spi.o
 .text.HAL_SPIEx_SetConfigAutonomousMode
                0x000000000800cc42       0x82 ./Drivers/STM32U5xx_HAL_Driver/Src/stm32u5xx_hal_spi_ex.o
                0x000000000800cc42                HAL_SPIEx_SetConfigAutonomousMode
 .text.HAL_UART_Init
                0x000000000800ccc4       0xa0 ./Drivers/STM32U5xx_HAL_Driver/Src/stm32u5xx_hal_uart.o
                0x000000000800ccc4                HAL_UART_Init
 .text.HAL_UART_Transmit
                0x000000000800cd64      0x13c ./Drivers/STM32U5xx_HAL_Driver/Src/stm32u5xx_hal_uart.o
                0x000000000800cd64                HAL_UART_Transmit
 .text.UART_SetConfig
                0x000000000800cea0      0x344 ./Drivers/STM32U5xx_HAL_Driver/Src/stm32u5xx_hal_uart.o
                0x000000000800cea0                UART_SetConfig
 .text.UART_AdvFeatureConfig
                0x000000000800d1e4      0x144 ./Drivers/STM32U5xx_HAL_Driver/Src/stm32u5xx_hal_uart.o
                0x000000000800d1e4                UART_AdvFeatureConfig
 .text.UART_CheckIdleState
                0x000000000800d328      0x154 ./Drivers/STM32U5xx_HAL_Driver/Src/stm32u5xx_hal_uart.o
                0x000000000800d328                UART_CheckIdleState
 .text.UART_WaitOnFlagUntilTimeout
                0x000000000800d47c       0xce ./Drivers/STM32U5xx_HAL_Driver/Src/stm32u5xx_hal_uart.o
                0x000000000800d47c                UART_WaitOnFlagUntilTimeout
 .text.UART_EndRxTransfer
                0x000000000800d54a       0xcc ./Drivers/STM32U5xx_HAL_Driver/Src/stm32u5xx_hal_uart.o
 .text.HAL_UARTEx_DisableFifoMode
                0x000000000800d616       0x72 ./Drivers/STM32U5xx_HAL_Driver/Src/stm32u5xx_hal_uart_ex.o
                0x000000000800d616                HAL_UARTEx_DisableFifoMode
 .text.HAL_UARTEx_SetTxFifoThreshold
                0x000000000800d688       0x7c ./Drivers/STM32U5xx_HAL_Driver/Src/stm32u5xx_hal_uart_ex.o
                0x000000000800d688                HAL_UARTEx_SetTxFifoThreshold
 .text.HAL_UARTEx_SetRxFifoThreshold
                0x000000000800d704       0x7c ./Drivers/STM32U5xx_HAL_Driver/Src/stm32u5xx_hal_uart_ex.o
                0x000000000800d704                HAL_UARTEx_SetRxFifoThreshold
 .text.UARTEx_SetNbDataToProcess
                0x000000000800d780       0x9c ./Drivers/STM32U5xx_HAL_Driver/Src/stm32u5xx_hal_uart_ex.o
 .text.LL_DLYB_SetDelay
                0x000000000800d81c       0x3e ./Drivers/STM32U5xx_HAL_Driver/Src/stm32u5xx_ll_dlyb.o
                0x000000000800d81c                LL_DLYB_SetDelay
 .text.LL_GPIO_SetPinMode
                0x000000000800d85a       0x7a ./Drivers/STM32U5xx_HAL_Driver/Src/stm32u5xx_ll_gpio.o
 .text.LL_GPIO_SetPinOutputType
                0x000000000800d8d4       0x30 ./Drivers/STM32U5xx_HAL_Driver/Src/stm32u5xx_ll_gpio.o
 .text.LL_GPIO_SetPinSpeed
                0x000000000800d904       0x7a ./Drivers/STM32U5xx_HAL_Driver/Src/stm32u5xx_ll_gpio.o
 .text.LL_GPIO_SetPinPull
                0x000000000800d97e       0x7a ./Drivers/STM32U5xx_HAL_Driver/Src/stm32u5xx_ll_gpio.o
 .text.LL_GPIO_SetAFPin_0_7
                0x000000000800d9f8       0x7a ./Drivers/STM32U5xx_HAL_Driver/Src/stm32u5xx_ll_gpio.o
 .text.LL_GPIO_SetAFPin_8_15
                0x000000000800da72       0x7e ./Drivers/STM32U5xx_HAL_Driver/Src/stm32u5xx_ll_gpio.o
 .text.LL_GPIO_Init
                0x000000000800daf0       0xfc ./Drivers/STM32U5xx_HAL_Driver/Src/stm32u5xx_ll_gpio.o
                0x000000000800daf0                LL_GPIO_Init
 .text.USB_CoreInit
                0x000000000800dbec       0x58 ./Drivers/STM32U5xx_HAL_Driver/Src/stm32u5xx_ll_usb.o
                0x000000000800dbec                USB_CoreInit
 .text.USB_DisableGlobalInt
                0x000000000800dc44       0x22 ./Drivers/STM32U5xx_HAL_Driver/Src/stm32u5xx_ll_usb.o
                0x000000000800dc44                USB_DisableGlobalInt
 .text.USB_SetCurrentMode
                0x000000000800dc66       0x98 ./Drivers/STM32U5xx_HAL_Driver/Src/stm32u5xx_ll_usb.o
                0x000000000800dc66                USB_SetCurrentMode
 *fill*         0x000000000800dcfe        0x2 
 .text.USB_DevInit
                0x000000000800dd00      0x288 ./Drivers/STM32U5xx_HAL_Driver/Src/stm32u5xx_ll_usb.o
                0x000000000800dd00                USB_DevInit
 .text.USB_FlushTxFifo
                0x000000000800df88       0x68 ./Drivers/STM32U5xx_HAL_Driver/Src/stm32u5xx_ll_usb.o
                0x000000000800df88                USB_FlushTxFifo
 .text.USB_FlushRxFifo
                0x000000000800dff0       0x60 ./Drivers/STM32U5xx_HAL_Driver/Src/stm32u5xx_ll_usb.o
                0x000000000800dff0                USB_FlushRxFifo
 .text.USB_SetDevSpeed
                0x000000000800e050       0x32 ./Drivers/STM32U5xx_HAL_Driver/Src/stm32u5xx_ll_usb.o
                0x000000000800e050                USB_SetDevSpeed
 .text.USB_DevDisconnect
                0x000000000800e082       0x42 ./Drivers/STM32U5xx_HAL_Driver/Src/stm32u5xx_ll_usb.o
                0x000000000800e082                USB_DevDisconnect
 .text.USB_GetMode
                0x000000000800e0c4       0x1c ./Drivers/STM32U5xx_HAL_Driver/Src/stm32u5xx_ll_usb.o
                0x000000000800e0c4                USB_GetMode
 .text.USB_CoreReset
                0x000000000800e0e0       0x68 ./Drivers/STM32U5xx_HAL_Driver/Src/stm32u5xx_ll_usb.o
 .text.__errno  0x000000000800e148        0xc c:/st/stm32cubeide_1.12.1/stm32cubeide/plugins/com.st.stm32cube.ide.mcu.externaltools.gnu-tools-for-stm32.10.3-2021.10.win32_1.0.200.202301161003/tools/bin/../lib/gcc/arm-none-eabi/10.3.1/../../../../arm-none-eabi/lib/thumb/v8-m.main+fp/hard\libc_nano.a(lib_a-errno.o)
                0x000000000800e148                __errno
 .text.__libc_init_array
                0x000000000800e154       0x48 c:/st/stm32cubeide_1.12.1/stm32cubeide/plugins/com.st.stm32cube.ide.mcu.externaltools.gnu-tools-for-stm32.10.3-2021.10.win32_1.0.200.202301161003/tools/bin/../lib/gcc/arm-none-eabi/10.3.1/../../../../arm-none-eabi/lib/thumb/v8-m.main+fp/hard\libc_nano.a(lib_a-init.o)
                0x000000000800e154                __libc_init_array
 .text.memcpy   0x000000000800e19c       0x1a c:/st/stm32cubeide_1.12.1/stm32cubeide/plugins/com.st.stm32cube.ide.mcu.externaltools.gnu-tools-for-stm32.10.3-2021.10.win32_1.0.200.202301161003/tools/bin/../lib/gcc/arm-none-eabi/10.3.1/../../../../arm-none-eabi/lib/thumb/v8-m.main+fp/hard\libc_nano.a(lib_a-memcpy-stub.o)
                0x000000000800e19c                memcpy
 .text.memset   0x000000000800e1b6       0x10 c:/st/stm32cubeide_1.12.1/stm32cubeide/plugins/com.st.stm32cube.ide.mcu.externaltools.gnu-tools-for-stm32.10.3-2021.10.win32_1.0.200.202301161003/tools/bin/../lib/gcc/arm-none-eabi/10.3.1/../../../../arm-none-eabi/lib/thumb/v8-m.main+fp/hard\libc_nano.a(lib_a-memset.o)
                0x000000000800e1b6                memset
 *fill*         0x000000000800e1c6        0x2 
 .text.sprintf  0x000000000800e1c8       0x40 c:/st/stm32cubeide_1.12.1/stm32cubeide/plugins/com.st.stm32cube.ide.mcu.externaltools.gnu-tools-for-stm32.10.3-2021.10.win32_1.0.200.202301161003/tools/bin/../lib/gcc/arm-none-eabi/10.3.1/../../../../arm-none-eabi/lib/thumb/v8-m.main+fp/hard\libc_nano.a(lib_a-sprintf.o)
                0x000000000800e1c8                siprintf
                0x000000000800e1c8                sprintf
 .text.__ssputs_r
                0x000000000800e208       0xb6 c:/st/stm32cubeide_1.12.1/stm32cubeide/plugins/com.st.stm32cube.ide.mcu.externaltools.gnu-tools-for-stm32.10.3-2021.10.win32_1.0.200.202301161003/tools/bin/../lib/gcc/arm-none-eabi/10.3.1/../../../../arm-none-eabi/lib/thumb/v8-m.main+fp/hard\libc_nano.a(lib_a-nano-svfprintf.o)
                0x000000000800e208                __ssputs_r
 *fill*         0x000000000800e2be        0x2 
 .text._svfprintf_r
                0x000000000800e2c0      0x200 c:/st/stm32cubeide_1.12.1/stm32cubeide/plugins/com.st.stm32cube.ide.mcu.externaltools.gnu-tools-for-stm32.10.3-2021.10.win32_1.0.200.202301161003/tools/bin/../lib/gcc/arm-none-eabi/10.3.1/../../../../arm-none-eabi/lib/thumb/v8-m.main+fp/hard\libc_nano.a(lib_a-nano-svfprintf.o)
                0x000000000800e2c0                _svfiprintf_r
                0x000000000800e2c0                _svfprintf_r
 .text._printf_common
                0x000000000800e4c0       0xe0 c:/st/stm32cubeide_1.12.1/stm32cubeide/plugins/com.st.stm32cube.ide.mcu.externaltools.gnu-tools-for-stm32.10.3-2021.10.win32_1.0.200.202301161003/tools/bin/../lib/gcc/arm-none-eabi/10.3.1/../../../../arm-none-eabi/lib/thumb/v8-m.main+fp/hard\libc_nano.a(lib_a-nano-vfprintf_i.o)
                0x000000000800e4c0                _printf_common
 .text._printf_i
                0x000000000800e5a0      0x24c c:/st/stm32cubeide_1.12.1/stm32cubeide/plugins/com.st.stm32cube.ide.mcu.externaltools.gnu-tools-for-stm32.10.3-2021.10.win32_1.0.200.202301161003/tools/bin/../lib/gcc/arm-none-eabi/10.3.1/../../../../arm-none-eabi/lib/thumb/v8-m.main+fp/hard\libc_nano.a(lib_a-nano-vfprintf_i.o)
                0x000000000800e5a0                _printf_i
 .text.memchr   0x000000000800e7ec       0x1c c:/st/stm32cubeide_1.12.1/stm32cubeide/plugins/com.st.stm32cube.ide.mcu.externaltools.gnu-tools-for-stm32.10.3-2021.10.win32_1.0.200.202301161003/tools/bin/../lib/gcc/arm-none-eabi/10.3.1/../../../../arm-none-eabi/lib/thumb/v8-m.main+fp/hard\libc_nano.a(lib_a-memchr-stub.o)
                0x000000000800e7ec                memchr
 .text.memmove  0x000000000800e808       0x34 c:/st/stm32cubeide_1.12.1/stm32cubeide/plugins/com.st.stm32cube.ide.mcu.externaltools.gnu-tools-for-stm32.10.3-2021.10.win32_1.0.200.202301161003/tools/bin/../lib/gcc/arm-none-eabi/10.3.1/../../../../arm-none-eabi/lib/thumb/v8-m.main+fp/hard\libc_nano.a(lib_a-memmove.o)
                0x000000000800e808                memmove
 .text._free_r  0x000000000800e83c       0x98 c:/st/stm32cubeide_1.12.1/stm32cubeide/plugins/com.st.stm32cube.ide.mcu.externaltools.gnu-tools-for-stm32.10.3-2021.10.win32_1.0.200.202301161003/tools/bin/../lib/gcc/arm-none-eabi/10.3.1/../../../../arm-none-eabi/lib/thumb/v8-m.main+fp/hard\libc_nano.a(lib_a-nano-freer.o)
                0x000000000800e83c                _free_r
 .text.sbrk_aligned
                0x000000000800e8d4       0x40 c:/st/stm32cubeide_1.12.1/stm32cubeide/plugins/com.st.stm32cube.ide.mcu.externaltools.gnu-tools-for-stm32.10.3-2021.10.win32_1.0.200.202301161003/tools/bin/../lib/gcc/arm-none-eabi/10.3.1/../../../../arm-none-eabi/lib/thumb/v8-m.main+fp/hard\libc_nano.a(lib_a-nano-mallocr.o)
 .text._malloc_r
                0x000000000800e914       0xe8 c:/st/stm32cubeide_1.12.1/stm32cubeide/plugins/com.st.stm32cube.ide.mcu.externaltools.gnu-tools-for-stm32.10.3-2021.10.win32_1.0.200.202301161003/tools/bin/../lib/gcc/arm-none-eabi/10.3.1/../../../../arm-none-eabi/lib/thumb/v8-m.main+fp/hard\libc_nano.a(lib_a-nano-mallocr.o)
                0x000000000800e914                _malloc_r
 .text._realloc_r
                0x000000000800e9fc       0x5e c:/st/stm32cubeide_1.12.1/stm32cubeide/plugins/com.st.stm32cube.ide.mcu.externaltools.gnu-tools-for-stm32.10.3-2021.10.win32_1.0.200.202301161003/tools/bin/../lib/gcc/arm-none-eabi/10.3.1/../../../../arm-none-eabi/lib/thumb/v8-m.main+fp/hard\libc_nano.a(lib_a-nano-reallocr.o)
                0x000000000800e9fc                _realloc_r
 *fill*         0x000000000800ea5a        0x2 
 .text._sbrk_r  0x000000000800ea5c       0x20 c:/st/stm32cubeide_1.12.1/stm32cubeide/plugins/com.st.stm32cube.ide.mcu.externaltools.gnu-tools-for-stm32.10.3-2021.10.win32_1.0.200.202301161003/tools/bin/../lib/gcc/arm-none-eabi/10.3.1/../../../../arm-none-eabi/lib/thumb/v8-m.main+fp/hard\libc_nano.a(lib_a-sbrkr.o)
                0x000000000800ea5c                _sbrk_r
 .text.__malloc_lock
                0x000000000800ea7c        0xc c:/st/stm32cubeide_1.12.1/stm32cubeide/plugins/com.st.stm32cube.ide.mcu.externaltools.gnu-tools-for-stm32.10.3-2021.10.win32_1.0.200.202301161003/tools/bin/../lib/gcc/arm-none-eabi/10.3.1/../../../../arm-none-eabi/lib/thumb/v8-m.main+fp/hard\libc_nano.a(lib_a-mlock.o)
                0x000000000800ea7c                __malloc_lock
 .text.__malloc_unlock
                0x000000000800ea88        0xc c:/st/stm32cubeide_1.12.1/stm32cubeide/plugins/com.st.stm32cube.ide.mcu.externaltools.gnu-tools-for-stm32.10.3-2021.10.win32_1.0.200.202301161003/tools/bin/../lib/gcc/arm-none-eabi/10.3.1/../../../../arm-none-eabi/lib/thumb/v8-m.main+fp/hard\libc_nano.a(lib_a-mlock.o)
                0x000000000800ea88                __malloc_unlock
 .text._malloc_usable_size_r
                0x000000000800ea94       0x10 c:/st/stm32cubeide_1.12.1/stm32cubeide/plugins/com.st.stm32cube.ide.mcu.externaltools.gnu-tools-for-stm32.10.3-2021.10.win32_1.0.200.202301161003/tools/bin/../lib/gcc/arm-none-eabi/10.3.1/../../../../arm-none-eabi/lib/thumb/v8-m.main+fp/hard\libc_nano.a(lib_a-nano-msizer.o)
                0x000000000800ea94                _malloc_usable_size_r
 .text.__retarget_lock_acquire_recursive
                0x000000000800eaa4        0x2 c:/st/stm32cubeide_1.12.1/stm32cubeide/plugins/com.st.stm32cube.ide.mcu.externaltools.gnu-tools-for-stm32.10.3-2021.10.win32_1.0.200.202301161003/tools/bin/../lib/gcc/arm-none-eabi/10.3.1/../../../../arm-none-eabi/lib/thumb/v8-m.main+fp/hard\libc_nano.a(lib_a-lock.o)
                0x000000000800eaa4                __retarget_lock_acquire_recursive
 .text.__retarget_lock_release_recursive
                0x000000000800eaa6        0x2 c:/st/stm32cubeide_1.12.1/stm32cubeide/plugins/com.st.stm32cube.ide.mcu.externaltools.gnu-tools-for-stm32.10.3-2021.10.win32_1.0.200.202301161003/tools/bin/../lib/gcc/arm-none-eabi/10.3.1/../../../../arm-none-eabi/lib/thumb/v8-m.main+fp/hard\libc_nano.a(lib_a-lock.o)
                0x000000000800eaa6                __retarget_lock_release_recursive
 *(.glue_7)
 .glue_7        0x000000000800eaa8        0x0 linker stubs
 *(.glue_7t)
 .glue_7t       0x000000000800eaa8        0x0 linker stubs
 *(.eh_frame)
 .eh_frame      0x000000000800eaa8        0x0 c:/st/stm32cubeide_1.12.1/stm32cubeide/plugins/com.st.stm32cube.ide.mcu.externaltools.gnu-tools-for-stm32.10.3-2021.10.win32_1.0.200.202301161003/tools/bin/../lib/gcc/arm-none-eabi/10.3.1/thumb/v8-m.main+fp/hard/crtbegin.o
 *(.init)
 .init          0x000000000800eaa8        0x4 c:/st/stm32cubeide_1.12.1/stm32cubeide/plugins/com.st.stm32cube.ide.mcu.externaltools.gnu-tools-for-stm32.10.3-2021.10.win32_1.0.200.202301161003/tools/bin/../lib/gcc/arm-none-eabi/10.3.1/thumb/v8-m.main+fp/hard/crti.o
                0x000000000800eaa8                _init
 .init          0x000000000800eaac        0x8 c:/st/stm32cubeide_1.12.1/stm32cubeide/plugins/com.st.stm32cube.ide.mcu.externaltools.gnu-tools-for-stm32.10.3-2021.10.win32_1.0.200.202301161003/tools/bin/../lib/gcc/arm-none-eabi/10.3.1/thumb/v8-m.main+fp/hard/crtn.o
 *(.fini)
 .fini          0x000000000800eab4        0x4 c:/st/stm32cubeide_1.12.1/stm32cubeide/plugins/com.st.stm32cube.ide.mcu.externaltools.gnu-tools-for-stm32.10.3-2021.10.win32_1.0.200.202301161003/tools/bin/../lib/gcc/arm-none-eabi/10.3.1/thumb/v8-m.main+fp/hard/crti.o
                0x000000000800eab4                _fini
 .fini          0x000000000800eab8        0x8 c:/st/stm32cubeide_1.12.1/stm32cubeide/plugins/com.st.stm32cube.ide.mcu.externaltools.gnu-tools-for-stm32.10.3-2021.10.win32_1.0.200.202301161003/tools/bin/../lib/gcc/arm-none-eabi/10.3.1/thumb/v8-m.main+fp/hard/crtn.o
                0x000000000800eac0                _etext = .

.vfp11_veneer   0x000000000800eac0        0x0
 .vfp11_veneer  0x000000000800eac0        0x0 linker stubs

.v4_bx          0x000000000800eac0        0x0
 .v4_bx         0x000000000800eac0        0x0 linker stubs

.iplt           0x000000000800eac0        0x0
 .iplt          0x000000000800eac0        0x0 c:/st/stm32cubeide_1.12.1/stm32cubeide/plugins/com.st.stm32cube.ide.mcu.externaltools.gnu-tools-for-stm32.10.3-2021.10.win32_1.0.200.202301161003/tools/bin/../lib/gcc/arm-none-eabi/10.3.1/thumb/v8-m.main+fp/hard/crtbegin.o

.rodata         0x000000000800eac0    0x15943
 *(.rodata)
 .rodata        0x000000000800eac0       0x1a ./Core/Src/main.o
 *fill*         0x000000000800eada        0x2 
 .rodata        0x000000000800eadc       0x6c ./Drivers/BSP/vl53l5cx_api.o
 .rodata        0x000000000800eb48        0x8 ./Drivers/BSP/vl53l5cx_plugin_detection_thresholds.o
 *(.rodata*)
 .rodata.AHBPrescTable
                0x000000000800eb50       0x10 ./Core/Src/system_stm32u5xx.o
                0x000000000800eb50                AHBPrescTable
 .rodata.APBPrescTable
                0x000000000800eb60        0x8 ./Core/Src/system_stm32u5xx.o
                0x000000000800eb60                APBPrescTable
 .rodata.MSIRangeTable
                0x000000000800eb68       0x40 ./Core/Src/system_stm32u5xx.o
                0x000000000800eb68                MSIRangeTable
 .rodata.I2C_Charac
                0x000000000800eba8       0x84 ./Drivers/BSP/b_u585i_iot02a_bus.o
 .rodata.VL53L5CX_FIRMWARE
                0x000000000800ec2c    0x15000 ./Drivers/BSP/vl53l5cx_api.o
                0x000000000800ec2c                VL53L5CX_FIRMWARE
 .rodata.VL53L5CX_DEFAULT_CONFIGURATION
                0x0000000008023c2c      0x3cc ./Drivers/BSP/vl53l5cx_api.o
                0x0000000008023c2c                VL53L5CX_DEFAULT_CONFIGURATION
 .rodata.VL53L5CX_DEFAULT_XTALK
                0x0000000008023ff8      0x308 ./Drivers/BSP/vl53l5cx_api.o
                0x0000000008023ff8                VL53L5CX_DEFAULT_XTALK
 .rodata.VL53L5CX_GET_NVM_CMD
                0x0000000008024300       0x28 ./Drivers/BSP/vl53l5cx_api.o
                0x0000000008024300                VL53L5CX_GET_NVM_CMD
 .rodata.LPGPIO_Map
                0x0000000008024328       0x80 ./Drivers/STM32U5xx_HAL_Driver/Src/stm32u5xx_hal_gpio.o
 .rodata.UARTPrescTable
                0x00000000080243a8       0x18 ./Drivers/STM32U5xx_HAL_Driver/Src/stm32u5xx_hal_uart.o
                0x00000000080243a8                UARTPrescTable
 .rodata.numerator.1
                0x00000000080243c0        0x8 ./Drivers/STM32U5xx_HAL_Driver/Src/stm32u5xx_hal_uart_ex.o
 .rodata.denominator.0
                0x00000000080243c8        0x8 ./Drivers/STM32U5xx_HAL_Driver/Src/stm32u5xx_hal_uart_ex.o
 .rodata._svfprintf_r.str1.1
                0x00000000080243d0       0x11 c:/st/stm32cubeide_1.12.1/stm32cubeide/plugins/com.st.stm32cube.ide.mcu.externaltools.gnu-tools-for-stm32.10.3-2021.10.win32_1.0.200.202301161003/tools/bin/../lib/gcc/arm-none-eabi/10.3.1/../../../../arm-none-eabi/lib/thumb/v8-m.main+fp/hard\libc_nano.a(lib_a-nano-svfprintf.o)
 .rodata._printf_i.str1.1
                0x00000000080243e1       0x22 c:/st/stm32cubeide_1.12.1/stm32cubeide/plugins/com.st.stm32cube.ide.mcu.externaltools.gnu-tools-for-stm32.10.3-2021.10.win32_1.0.200.202301161003/tools/bin/../lib/gcc/arm-none-eabi/10.3.1/../../../../arm-none-eabi/lib/thumb/v8-m.main+fp/hard\libc_nano.a(lib_a-nano-vfprintf_i.o)

.ARM.extab
 *(.ARM.extab* .gnu.linkonce.armextab.*)

.ARM            0x0000000008024404        0x8
                0x0000000008024404                __exidx_start = .
 *(.ARM.exidx*)
 .ARM.exidx     0x0000000008024404        0x8 c:/st/stm32cubeide_1.12.1/stm32cubeide/plugins/com.st.stm32cube.ide.mcu.externaltools.gnu-tools-for-stm32.10.3-2021.10.win32_1.0.200.202301161003/tools/bin/../lib/gcc/arm-none-eabi/10.3.1/thumb/v8-m.main+fp/hard\libgcc.a(_udivmoddi4.o)
                0x000000000802440c                __exidx_end = .

.rel.dyn        0x000000000802440c        0x0
 .rel.iplt      0x000000000802440c        0x0 c:/st/stm32cubeide_1.12.1/stm32cubeide/plugins/com.st.stm32cube.ide.mcu.externaltools.gnu-tools-for-stm32.10.3-2021.10.win32_1.0.200.202301161003/tools/bin/../lib/gcc/arm-none-eabi/10.3.1/thumb/v8-m.main+fp/hard/crtbegin.o

.preinit_array  0x000000000802440c        0x0
                0x000000000802440c                PROVIDE (__preinit_array_start = .)
 *(.preinit_array*)
                0x000000000802440c                PROVIDE (__preinit_array_end = .)

.init_array     0x000000000802440c        0x4
                0x000000000802440c                PROVIDE (__init_array_start = .)
 *(SORT_BY_NAME(.init_array.*))
 *(.init_array*)
 .init_array    0x000000000802440c        0x4 c:/st/stm32cubeide_1.12.1/stm32cubeide/plugins/com.st.stm32cube.ide.mcu.externaltools.gnu-tools-for-stm32.10.3-2021.10.win32_1.0.200.202301161003/tools/bin/../lib/gcc/arm-none-eabi/10.3.1/thumb/v8-m.main+fp/hard/crtbegin.o
                0x0000000008024410                PROVIDE (__init_array_end = .)

.fini_array     0x0000000008024410        0x4
                [!provide]                        PROVIDE (__fini_array_start = .)
 *(SORT_BY_NAME(.fini_array.*))
 *(.fini_array*)
 .fini_array    0x0000000008024410        0x4 c:/st/stm32cubeide_1.12.1/stm32cubeide/plugins/com.st.stm32cube.ide.mcu.externaltools.gnu-tools-for-stm32.10.3-2021.10.win32_1.0.200.202301161003/tools/bin/../lib/gcc/arm-none-eabi/10.3.1/thumb/v8-m.main+fp/hard/crtbegin.o
                [!provide]                        PROVIDE (__fini_array_end = .)
                0x0000000008024414                _sidata = LOADADDR (.data)

.data           0x0000000020000000       0xb0 load address 0x0000000008024414
                0x0000000020000000                _sdata = .
 *(.data)
 *(.data*)
 .data.LED_PORT
                0x0000000020000000        0x8 ./Core/Src/main.o
 .data.SystemCoreClock
                0x0000000020000008        0x4 ./Core/Src/system_stm32u5xx.o
                0x0000000020000008                SystemCoreClock
 .data.VL53L5CX_RANGING_SENSOR_Driver
                0x000000002000000c       0x38 ./Drivers/BSP/vl53l5cx.o
                0x000000002000000c                VL53L5CX_RANGING_SENSOR_Driver
 .data.uwTickPrio
                0x0000000020000044        0x4 ./Drivers/STM32U5xx_HAL_Driver/Src/stm32u5xx_hal.o
                0x0000000020000044                uwTickPrio
 .data.uwTickFreq
                0x0000000020000048        0x1 ./Drivers/STM32U5xx_HAL_Driver/Src/stm32u5xx_hal.o
                0x0000000020000048                uwTickFreq
 *fill*         0x0000000020000049        0x3 
 .data._impure_ptr
                0x000000002000004c        0x4 c:/st/stm32cubeide_1.12.1/stm32cubeide/plugins/com.st.stm32cube.ide.mcu.externaltools.gnu-tools-for-stm32.10.3-2021.10.win32_1.0.200.202301161003/tools/bin/../lib/gcc/arm-none-eabi/10.3.1/../../../../arm-none-eabi/lib/thumb/v8-m.main+fp/hard\libc_nano.a(lib_a-impure.o)
                0x000000002000004c                _impure_ptr
 .data.impure_data
                0x0000000020000050       0x60 c:/st/stm32cubeide_1.12.1/stm32cubeide/plugins/com.st.stm32cube.ide.mcu.externaltools.gnu-tools-for-stm32.10.3-2021.10.win32_1.0.200.202301161003/tools/bin/../lib/gcc/arm-none-eabi/10.3.1/../../../../arm-none-eabi/lib/thumb/v8-m.main+fp/hard\libc_nano.a(lib_a-impure.o)
 *(.RamFunc)
 *(.RamFunc*)
                0x00000000200000b0                _edata = .

.igot.plt       0x00000000200000b0        0x0 load address 0x00000000080244c4
 .igot.plt      0x00000000200000b0        0x0 c:/st/stm32cubeide_1.12.1/stm32cubeide/plugins/com.st.stm32cube.ide.mcu.externaltools.gnu-tools-for-stm32.10.3-2021.10.win32_1.0.200.202301161003/tools/bin/../lib/gcc/arm-none-eabi/10.3.1/thumb/v8-m.main+fp/hard/crtbegin.o

.bss            0x00000000200000b0     0x36b9 load address 0x00000000080244c4
                0x00000000200000b0                _sbss = .
                0x00000000200000b0                __bss_start__ = _sbss
 *(.bss)
 .bss           0x00000000200000b0       0x1c c:/st/stm32cubeide_1.12.1/stm32cubeide/plugins/com.st.stm32cube.ide.mcu.externaltools.gnu-tools-for-stm32.10.3-2021.10.win32_1.0.200.202301161003/tools/bin/../lib/gcc/arm-none-eabi/10.3.1/thumb/v8-m.main+fp/hard/crtbegin.o
 *(.bss*)
 .bss.AdfHandle0
                0x00000000200000cc       0x44 ./Core/Src/main.o
                0x00000000200000cc                AdfHandle0
 .bss.AdfFilterConfig0
                0x0000000020000110       0x7c ./Core/Src/main.o
                0x0000000020000110                AdfFilterConfig0
 .bss.hi2c1     0x000000002000018c       0x54 ./Core/Src/main.o
                0x000000002000018c                hi2c1
 .bss.hi2c2     0x00000000200001e0       0x54 ./Core/Src/main.o
                0x00000000200001e0                hi2c2
 .bss.hospi1    0x0000000020000234       0x5c ./Core/Src/main.o
                0x0000000020000234                hospi1
 .bss.hospi2    0x0000000020000290       0x5c ./Core/Src/main.o
                0x0000000020000290                hospi2
 .bss.hspi2     0x00000000200002ec       0x90 ./Core/Src/main.o
                0x00000000200002ec                hspi2
 .bss.huart4    0x000000002000037c       0x94 ./Core/Src/main.o
                0x000000002000037c                huart4
 .bss.huart1    0x0000000020000410       0x94 ./Core/Src/main.o
                0x0000000020000410                huart1
 .bss.hpcd_USB_OTG_FS
                0x00000000200004a4      0x50c ./Core/Src/main.o
                0x00000000200004a4                hpcd_USB_OTG_FS
 .bss.Cap       0x00000000200009b0       0x10 ./Core/Src/main.o
 .bss.Profile   0x00000000200009c0       0x14 ./Core/Src/main.o
 .bss.HAL_RCC_OSPIM_CLK_ENABLED
                0x00000000200009d4        0x4 ./Core/Src/stm32u5xx_hal_msp.o
 .bss.__sbrk_heap_end
                0x00000000200009d8        0x4 ./Core/Src/sysmem.o
 .bss.I2c2InitCounter
                0x00000000200009dc        0x4 ./Drivers/BSP/b_u585i_iot02a_bus.o
 .bss.I2c_valid_timing
                0x00000000200009e0      0xa00 ./Drivers/BSP/b_u585i_iot02a_bus.o
 .bss.I2c_valid_timing_nbr
                0x00000000200013e0        0x4 ./Drivers/BSP/b_u585i_iot02a_bus.o
 .bss.hbus_i2c2
                0x00000000200013e4       0x54 ./Drivers/BSP/b_u585i_iot02a_bus.o
                0x00000000200013e4                hbus_i2c2
 .bss.VL53L5A1_RANGING_SENSOR_CompObj
                0x0000000020001438        0xc ./Drivers/BSP/b_u585i_iot02a_ranging_sensor.o
                0x0000000020001438                VL53L5A1_RANGING_SENSOR_CompObj
 .bss.VL53L5A1_RANGING_SENSOR_Drv
                0x0000000020001444        0x4 ./Drivers/BSP/b_u585i_iot02a_ranging_sensor.o
 .bss.VL53L5A1_RANGING_SENSOR_Cap
                0x0000000020001448       0x10 ./Drivers/BSP/b_u585i_iot02a_ranging_sensor.o
 .bss.VL53L5CXObj.1
                0x0000000020001458     0x1c08 ./Drivers/BSP/b_u585i_iot02a_ranging_sensor.o
 .bss.is_already_init.0
                0x0000000020003060        0x1 ./Drivers/BSP/b_u585i_iot02a_ranging_sensor.o
 *fill*         0x0000000020003061        0x3 
 .bss.thresholds.1
                0x0000000020003064      0x300 ./Drivers/BSP/vl53l5cx.o
 .bss.data.0    0x0000000020003364      0x3d0 ./Drivers/BSP/vl53l5cx.o
 .bss.uwTick    0x0000000020003734        0x4 ./Drivers/STM32U5xx_HAL_Driver/Src/stm32u5xx_hal.o
                0x0000000020003734                uwTick
 .bss.v_mdf1InstanceCounter
                0x0000000020003738        0x4 ./Drivers/STM32U5xx_HAL_Driver/Src/stm32u5xx_hal_mdf.o
 .bss.v_adf1InstanceCounter
                0x000000002000373c        0x4 ./Drivers/STM32U5xx_HAL_Driver/Src/stm32u5xx_hal_mdf.o
 .bss.a_mdfHandle
                0x0000000020003740       0x1c ./Drivers/STM32U5xx_HAL_Driver/Src/stm32u5xx_hal_mdf.o
 .bss.__malloc_free_list
                0x000000002000375c        0x4 c:/st/stm32cubeide_1.12.1/stm32cubeide/plugins/com.st.stm32cube.ide.mcu.externaltools.gnu-tools-for-stm32.10.3-2021.10.win32_1.0.200.202301161003/tools/bin/../lib/gcc/arm-none-eabi/10.3.1/../../../../arm-none-eabi/lib/thumb/v8-m.main+fp/hard\libc_nano.a(lib_a-nano-mallocr.o)
                0x000000002000375c                __malloc_free_list
 .bss.__malloc_sbrk_start
                0x0000000020003760        0x4 c:/st/stm32cubeide_1.12.1/stm32cubeide/plugins/com.st.stm32cube.ide.mcu.externaltools.gnu-tools-for-stm32.10.3-2021.10.win32_1.0.200.202301161003/tools/bin/../lib/gcc/arm-none-eabi/10.3.1/../../../../arm-none-eabi/lib/thumb/v8-m.main+fp/hard\libc_nano.a(lib_a-nano-mallocr.o)
                0x0000000020003760                __malloc_sbrk_start
 .bss.errno     0x0000000020003764        0x4 c:/st/stm32cubeide_1.12.1/stm32cubeide/plugins/com.st.stm32cube.ide.mcu.externaltools.gnu-tools-for-stm32.10.3-2021.10.win32_1.0.200.202301161003/tools/bin/../lib/gcc/arm-none-eabi/10.3.1/../../../../arm-none-eabi/lib/thumb/v8-m.main+fp/hard\libc_nano.a(lib_a-reent.o)
                0x0000000020003764                errno
 .bss.__lock___malloc_recursive_mutex
                0x0000000020003768        0x1 c:/st/stm32cubeide_1.12.1/stm32cubeide/plugins/com.st.stm32cube.ide.mcu.externaltools.gnu-tools-for-stm32.10.3-2021.10.win32_1.0.200.202301161003/tools/bin/../lib/gcc/arm-none-eabi/10.3.1/../../../../arm-none-eabi/lib/thumb/v8-m.main+fp/hard\libc_nano.a(lib_a-lock.o)
                0x0000000020003768                __lock___malloc_recursive_mutex
 *(COMMON)
                0x0000000020003769                _ebss = .
                0x0000000020003769                __bss_end__ = _ebss

._user_heap_stack
                0x0000000020003769      0x607 load address 0x00000000080244c4
                0x0000000020003770                . = ALIGN (0x8)
 *fill*         0x0000000020003769        0x7 
                [!provide]                        PROVIDE (end = .)
                0x0000000020003770                PROVIDE (_end = .)
                0x0000000020003970                . = (. + _Min_Heap_Size)
 *fill*         0x0000000020003770      0x200 
                0x0000000020003d70                . = (. + _Min_Stack_Size)
 *fill*         0x0000000020003970      0x400 
                0x0000000020003d70                . = ALIGN (0x8)

/DISCARD/
 libc.a(*)
 libm.a(*)
 libgcc.a(*)

.ARM.attributes
                0x0000000000000000       0x36
 *(.ARM.attributes)
 .ARM.attributes
                0x0000000000000000       0x22 c:/st/stm32cubeide_1.12.1/stm32cubeide/plugins/com.st.stm32cube.ide.mcu.externaltools.gnu-tools-for-stm32.10.3-2021.10.win32_1.0.200.202301161003/tools/bin/../lib/gcc/arm-none-eabi/10.3.1/thumb/v8-m.main+fp/hard/crti.o
 .ARM.attributes
                0x0000000000000022       0x38 c:/st/stm32cubeide_1.12.1/stm32cubeide/plugins/com.st.stm32cube.ide.mcu.externaltools.gnu-tools-for-stm32.10.3-2021.10.win32_1.0.200.202301161003/tools/bin/../lib/gcc/arm-none-eabi/10.3.1/thumb/v8-m.main+fp/hard/crtbegin.o
 .ARM.attributes
                0x000000000000005a       0x3a ./Core/Src/main.o
 .ARM.attributes
                0x0000000000000094       0x3a ./Core/Src/stm32u5xx_hal_msp.o
 .ARM.attributes
                0x00000000000000ce       0x3a ./Core/Src/stm32u5xx_it.o
 .ARM.attributes
                0x0000000000000108       0x3a ./Core/Src/sysmem.o
 .ARM.attributes
                0x0000000000000142       0x3a ./Core/Src/system_stm32u5xx.o
 .ARM.attributes
                0x000000000000017c       0x24 ./Core/Startup/startup_stm32u585aiixq.o
 .ARM.attributes
                0x00000000000001a0       0x3a ./Drivers/BSP/b_u585i_iot02a_bus.o
 .ARM.attributes
                0x00000000000001da       0x3a ./Drivers/BSP/b_u585i_iot02a_ranging_sensor.o
 .ARM.attributes
                0x0000000000000214       0x3a ./Drivers/BSP/platform.o
 .ARM.attributes
                0x000000000000024e       0x3a ./Drivers/BSP/vl53l5cx.o
 .ARM.attributes
                0x0000000000000288       0x3a ./Drivers/BSP/vl53l5cx_api.o
 .ARM.attributes
                0x00000000000002c2       0x3a ./Drivers/BSP/vl53l5cx_plugin_detection_thresholds.o
 .ARM.attributes
                0x00000000000002fc       0x3a ./Drivers/STM32U5xx_HAL_Driver/Src/stm32u5xx_hal.o
 .ARM.attributes
                0x0000000000000336       0x3a ./Drivers/STM32U5xx_HAL_Driver/Src/stm32u5xx_hal_cortex.o
 .ARM.attributes
                0x0000000000000370       0x3a ./Drivers/STM32U5xx_HAL_Driver/Src/stm32u5xx_hal_dma.o
 .ARM.attributes
                0x00000000000003aa       0x3a ./Drivers/STM32U5xx_HAL_Driver/Src/stm32u5xx_hal_gpio.o
 .ARM.attributes
                0x00000000000003e4       0x3a ./Drivers/STM32U5xx_HAL_Driver/Src/stm32u5xx_hal_i2c.o
 .ARM.attributes
                0x000000000000041e       0x3a ./Drivers/STM32U5xx_HAL_Driver/Src/stm32u5xx_hal_i2c_ex.o
 .ARM.attributes
                0x0000000000000458       0x3a ./Drivers/STM32U5xx_HAL_Driver/Src/stm32u5xx_hal_icache.o
 .ARM.attributes
                0x0000000000000492       0x3a ./Drivers/STM32U5xx_HAL_Driver/Src/stm32u5xx_hal_mdf.o
 .ARM.attributes
                0x00000000000004cc       0x3a ./Drivers/STM32U5xx_HAL_Driver/Src/stm32u5xx_hal_ospi.o
 .ARM.attributes
                0x0000000000000506       0x3a ./Drivers/STM32U5xx_HAL_Driver/Src/stm32u5xx_hal_pcd.o
 .ARM.attributes
                0x0000000000000540       0x3a ./Drivers/STM32U5xx_HAL_Driver/Src/stm32u5xx_hal_pcd_ex.o
 .ARM.attributes
                0x000000000000057a       0x3a ./Drivers/STM32U5xx_HAL_Driver/Src/stm32u5xx_hal_pwr_ex.o
 .ARM.attributes
                0x00000000000005b4       0x3a ./Drivers/STM32U5xx_HAL_Driver/Src/stm32u5xx_hal_rcc.o
 .ARM.attributes
                0x00000000000005ee       0x3a ./Drivers/STM32U5xx_HAL_Driver/Src/stm32u5xx_hal_rcc_ex.o
 .ARM.attributes
                0x0000000000000628       0x3a ./Drivers/STM32U5xx_HAL_Driver/Src/stm32u5xx_hal_spi.o
 .ARM.attributes
                0x0000000000000662       0x3a ./Drivers/STM32U5xx_HAL_Driver/Src/stm32u5xx_hal_spi_ex.o
 .ARM.attributes
                0x000000000000069c       0x3a ./Drivers/STM32U5xx_HAL_Driver/Src/stm32u5xx_hal_uart.o
 .ARM.attributes
                0x00000000000006d6       0x3a ./Drivers/STM32U5xx_HAL_Driver/Src/stm32u5xx_hal_uart_ex.o
 .ARM.attributes
                0x0000000000000710       0x3a ./Drivers/STM32U5xx_HAL_Driver/Src/stm32u5xx_ll_dlyb.o
 .ARM.attributes
                0x000000000000074a       0x3a ./Drivers/STM32U5xx_HAL_Driver/Src/stm32u5xx_ll_gpio.o
 .ARM.attributes
                0x0000000000000784       0x3a ./Drivers/STM32U5xx_HAL_Driver/Src/stm32u5xx_ll_usb.o
 .ARM.attributes
                0x00000000000007be       0x38 c:/st/stm32cubeide_1.12.1/stm32cubeide/plugins/com.st.stm32cube.ide.mcu.externaltools.gnu-tools-for-stm32.10.3-2021.10.win32_1.0.200.202301161003/tools/bin/../lib/gcc/arm-none-eabi/10.3.1/../../../../arm-none-eabi/lib/thumb/v8-m.main+fp/hard\libc_nano.a(lib_a-errno.o)
 .ARM.attributes
                0x00000000000007f6       0x38 c:/st/stm32cubeide_1.12.1/stm32cubeide/plugins/com.st.stm32cube.ide.mcu.externaltools.gnu-tools-for-stm32.10.3-2021.10.win32_1.0.200.202301161003/tools/bin/../lib/gcc/arm-none-eabi/10.3.1/../../../../arm-none-eabi/lib/thumb/v8-m.main+fp/hard\libc_nano.a(lib_a-impure.o)
 .ARM.attributes
                0x000000000000082e       0x38 c:/st/stm32cubeide_1.12.1/stm32cubeide/plugins/com.st.stm32cube.ide.mcu.externaltools.gnu-tools-for-stm32.10.3-2021.10.win32_1.0.200.202301161003/tools/bin/../lib/gcc/arm-none-eabi/10.3.1/../../../../arm-none-eabi/lib/thumb/v8-m.main+fp/hard\libc_nano.a(lib_a-init.o)
 .ARM.attributes
                0x0000000000000866       0x38 c:/st/stm32cubeide_1.12.1/stm32cubeide/plugins/com.st.stm32cube.ide.mcu.externaltools.gnu-tools-for-stm32.10.3-2021.10.win32_1.0.200.202301161003/tools/bin/../lib/gcc/arm-none-eabi/10.3.1/../../../../arm-none-eabi/lib/thumb/v8-m.main+fp/hard\libc_nano.a(lib_a-memcpy-stub.o)
 .ARM.attributes
                0x000000000000089e       0x38 c:/st/stm32cubeide_1.12.1/stm32cubeide/plugins/com.st.stm32cube.ide.mcu.externaltools.gnu-tools-for-stm32.10.3-2021.10.win32_1.0.200.202301161003/tools/bin/../lib/gcc/arm-none-eabi/10.3.1/../../../../arm-none-eabi/lib/thumb/v8-m.main+fp/hard\libc_nano.a(lib_a-memset.o)
 .ARM.attributes
                0x00000000000008d6       0x38 c:/st/stm32cubeide_1.12.1/stm32cubeide/plugins/com.st.stm32cube.ide.mcu.externaltools.gnu-tools-for-stm32.10.3-2021.10.win32_1.0.200.202301161003/tools/bin/../lib/gcc/arm-none-eabi/10.3.1/../../../../arm-none-eabi/lib/thumb/v8-m.main+fp/hard\libc_nano.a(lib_a-sprintf.o)
 .ARM.attributes
                0x000000000000090e       0x17 c:/st/stm32cubeide_1.12.1/stm32cubeide/plugins/com.st.stm32cube.ide.mcu.externaltools.gnu-tools-for-stm32.10.3-2021.10.win32_1.0.200.202301161003/tools/bin/../lib/gcc/arm-none-eabi/10.3.1/../../../../arm-none-eabi/lib/thumb/v8-m.main+fp/hard\libc_nano.a(lib_a-strlen.o)
 .ARM.attributes
                0x0000000000000925       0x38 c:/st/stm32cubeide_1.12.1/stm32cubeide/plugins/com.st.stm32cube.ide.mcu.externaltools.gnu-tools-for-stm32.10.3-2021.10.win32_1.0.200.202301161003/tools/bin/../lib/gcc/arm-none-eabi/10.3.1/../../../../arm-none-eabi/lib/thumb/v8-m.main+fp/hard\libc_nano.a(lib_a-nano-svfprintf.o)
 .ARM.attributes
                0x000000000000095d       0x38 c:/st/stm32cubeide_1.12.1/stm32cubeide/plugins/com.st.stm32cube.ide.mcu.externaltools.gnu-tools-for-stm32.10.3-2021.10.win32_1.0.200.202301161003/tools/bin/../lib/gcc/arm-none-eabi/10.3.1/../../../../arm-none-eabi/lib/thumb/v8-m.main+fp/hard\libc_nano.a(lib_a-nano-vfprintf_i.o)
 .ARM.attributes
                0x0000000000000995       0x38 c:/st/stm32cubeide_1.12.1/stm32cubeide/plugins/com.st.stm32cube.ide.mcu.externaltools.gnu-tools-for-stm32.10.3-2021.10.win32_1.0.200.202301161003/tools/bin/../lib/gcc/arm-none-eabi/10.3.1/../../../../arm-none-eabi/lib/thumb/v8-m.main+fp/hard\libc_nano.a(lib_a-memchr-stub.o)
 .ARM.attributes
                0x00000000000009cd       0x38 c:/st/stm32cubeide_1.12.1/stm32cubeide/plugins/com.st.stm32cube.ide.mcu.externaltools.gnu-tools-for-stm32.10.3-2021.10.win32_1.0.200.202301161003/tools/bin/../lib/gcc/arm-none-eabi/10.3.1/../../../../arm-none-eabi/lib/thumb/v8-m.main+fp/hard\libc_nano.a(lib_a-memmove.o)
 .ARM.attributes
                0x0000000000000a05       0x38 c:/st/stm32cubeide_1.12.1/stm32cubeide/plugins/com.st.stm32cube.ide.mcu.externaltools.gnu-tools-for-stm32.10.3-2021.10.win32_1.0.200.202301161003/tools/bin/../lib/gcc/arm-none-eabi/10.3.1/../../../../arm-none-eabi/lib/thumb/v8-m.main+fp/hard\libc_nano.a(lib_a-nano-freer.o)
 .ARM.attributes
                0x0000000000000a3d       0x38 c:/st/stm32cubeide_1.12.1/stm32cubeide/plugins/com.st.stm32cube.ide.mcu.externaltools.gnu-tools-for-stm32.10.3-2021.10.win32_1.0.200.202301161003/tools/bin/../lib/gcc/arm-none-eabi/10.3.1/../../../../arm-none-eabi/lib/thumb/v8-m.main+fp/hard\libc_nano.a(lib_a-nano-mallocr.o)
 .ARM.attributes
                0x0000000000000a75       0x38 c:/st/stm32cubeide_1.12.1/stm32cubeide/plugins/com.st.stm32cube.ide.mcu.externaltools.gnu-tools-for-stm32.10.3-2021.10.win32_1.0.200.202301161003/tools/bin/../lib/gcc/arm-none-eabi/10.3.1/../../../../arm-none-eabi/lib/thumb/v8-m.main+fp/hard\libc_nano.a(lib_a-nano-reallocr.o)
 .ARM.attributes
                0x0000000000000aad       0x38 c:/st/stm32cubeide_1.12.1/stm32cubeide/plugins/com.st.stm32cube.ide.mcu.externaltools.gnu-tools-for-stm32.10.3-2021.10.win32_1.0.200.202301161003/tools/bin/../lib/gcc/arm-none-eabi/10.3.1/../../../../arm-none-eabi/lib/thumb/v8-m.main+fp/hard\libc_nano.a(lib_a-sbrkr.o)
 .ARM.attributes
                0x0000000000000ae5       0x38 c:/st/stm32cubeide_1.12.1/stm32cubeide/plugins/com.st.stm32cube.ide.mcu.externaltools.gnu-tools-for-stm32.10.3-2021.10.win32_1.0.200.202301161003/tools/bin/../lib/gcc/arm-none-eabi/10.3.1/../../../../arm-none-eabi/lib/thumb/v8-m.main+fp/hard\libc_nano.a(lib_a-mlock.o)
 .ARM.attributes
                0x0000000000000b1d       0x38 c:/st/stm32cubeide_1.12.1/stm32cubeide/plugins/com.st.stm32cube.ide.mcu.externaltools.gnu-tools-for-stm32.10.3-2021.10.win32_1.0.200.202301161003/tools/bin/../lib/gcc/arm-none-eabi/10.3.1/../../../../arm-none-eabi/lib/thumb/v8-m.main+fp/hard\libc_nano.a(lib_a-nano-msizer.o)
 .ARM.attributes
                0x0000000000000b55       0x38 c:/st/stm32cubeide_1.12.1/stm32cubeide/plugins/com.st.stm32cube.ide.mcu.externaltools.gnu-tools-for-stm32.10.3-2021.10.win32_1.0.200.202301161003/tools/bin/../lib/gcc/arm-none-eabi/10.3.1/../../../../arm-none-eabi/lib/thumb/v8-m.main+fp/hard\libc_nano.a(lib_a-reent.o)
 .ARM.attributes
                0x0000000000000b8d       0x38 c:/st/stm32cubeide_1.12.1/stm32cubeide/plugins/com.st.stm32cube.ide.mcu.externaltools.gnu-tools-for-stm32.10.3-2021.10.win32_1.0.200.202301161003/tools/bin/../lib/gcc/arm-none-eabi/10.3.1/../../../../arm-none-eabi/lib/thumb/v8-m.main+fp/hard\libc_nano.a(lib_a-lock.o)
 .ARM.attributes
                0x0000000000000bc5       0x22 c:/st/stm32cubeide_1.12.1/stm32cubeide/plugins/com.st.stm32cube.ide.mcu.externaltools.gnu-tools-for-stm32.10.3-2021.10.win32_1.0.200.202301161003/tools/bin/../lib/gcc/arm-none-eabi/10.3.1/thumb/v8-m.main+fp/hard\libgcc.a(_aeabi_uldivmod.o)
 .ARM.attributes
                0x0000000000000be7       0x38 c:/st/stm32cubeide_1.12.1/stm32cubeide/plugins/com.st.stm32cube.ide.mcu.externaltools.gnu-tools-for-stm32.10.3-2021.10.win32_1.0.200.202301161003/tools/bin/../lib/gcc/arm-none-eabi/10.3.1/thumb/v8-m.main+fp/hard\libgcc.a(_udivmoddi4.o)
 .ARM.attributes
                0x0000000000000c1f       0x22 c:/st/stm32cubeide_1.12.1/stm32cubeide/plugins/com.st.stm32cube.ide.mcu.externaltools.gnu-tools-for-stm32.10.3-2021.10.win32_1.0.200.202301161003/tools/bin/../lib/gcc/arm-none-eabi/10.3.1/thumb/v8-m.main+fp/hard\libgcc.a(_dvmd_tls.o)
 .ARM.attributes
                0x0000000000000c41       0x22 c:/st/stm32cubeide_1.12.1/stm32cubeide/plugins/com.st.stm32cube.ide.mcu.externaltools.gnu-tools-for-stm32.10.3-2021.10.win32_1.0.200.202301161003/tools/bin/../lib/gcc/arm-none-eabi/10.3.1/thumb/v8-m.main+fp/hard/crtn.o
OUTPUT(ranging_sensor.elf elf32-littlearm)
LOAD linker stubs
LOAD c:/st/stm32cubeide_1.12.1/stm32cubeide/plugins/com.st.stm32cube.ide.mcu.externaltools.gnu-tools-for-stm32.10.3-2021.10.win32_1.0.200.202301161003/tools/bin/../lib/gcc/arm-none-eabi/10.3.1/../../../../arm-none-eabi/lib/thumb/v8-m.main+fp/hard\libc.a
LOAD c:/st/stm32cubeide_1.12.1/stm32cubeide/plugins/com.st.stm32cube.ide.mcu.externaltools.gnu-tools-for-stm32.10.3-2021.10.win32_1.0.200.202301161003/tools/bin/../lib/gcc/arm-none-eabi/10.3.1/../../../../arm-none-eabi/lib/thumb/v8-m.main+fp/hard\libm.a
LOAD c:/st/stm32cubeide_1.12.1/stm32cubeide/plugins/com.st.stm32cube.ide.mcu.externaltools.gnu-tools-for-stm32.10.3-2021.10.win32_1.0.200.202301161003/tools/bin/../lib/gcc/arm-none-eabi/10.3.1/thumb/v8-m.main+fp/hard\libgcc.a

.debug_info     0x0000000000000000    0x276ee
 .debug_info    0x0000000000000000     0x33ae ./Core/Src/main.o
 .debug_info    0x00000000000033ae     0x2c57 ./Core/Src/stm32u5xx_hal_msp.o
 .debug_info    0x0000000000006005      0x355 ./Core/Src/stm32u5xx_it.o
 .debug_info    0x000000000000635a      0x171 ./Core/Src/sysmem.o
 .debug_info    0x00000000000064cb      0x8f2 ./Core/Src/system_stm32u5xx.o
 .debug_info    0x0000000000006dbd       0x22 ./Core/Startup/startup_stm32u585aiixq.o
 .debug_info    0x0000000000006ddf     0x1f42 ./Drivers/BSP/b_u585i_iot02a_bus.o
 .debug_info    0x0000000000008d21     0x1688 ./Drivers/BSP/b_u585i_iot02a_ranging_sensor.o
 .debug_info    0x000000000000a3a9      0x35a ./Drivers/BSP/platform.o
 .debug_info    0x000000000000a703     0x124e ./Drivers/BSP/vl53l5cx.o
 .debug_info    0x000000000000b951     0x12e9 ./Drivers/BSP/vl53l5cx_api.o
 .debug_info    0x000000000000cc3a      0x4c2 ./Drivers/BSP/vl53l5cx_plugin_detection_thresholds.o
 .debug_info    0x000000000000d0fc     0x121e ./Drivers/STM32U5xx_HAL_Driver/Src/stm32u5xx_hal.o
 .debug_info    0x000000000000e31a     0x15dd ./Drivers/STM32U5xx_HAL_Driver/Src/stm32u5xx_hal_cortex.o
 .debug_info    0x000000000000f8f7      0xb6c ./Drivers/STM32U5xx_HAL_Driver/Src/stm32u5xx_hal_dma.o
 .debug_info    0x0000000000010463      0x8e3 ./Drivers/STM32U5xx_HAL_Driver/Src/stm32u5xx_hal_gpio.o
 .debug_info    0x0000000000010d46     0x251c ./Drivers/STM32U5xx_HAL_Driver/Src/stm32u5xx_hal_i2c.o
 .debug_info    0x0000000000013262      0xa8c ./Drivers/STM32U5xx_HAL_Driver/Src/stm32u5xx_hal_i2c_ex.o
 .debug_info    0x0000000000013cee      0x592 ./Drivers/STM32U5xx_HAL_Driver/Src/stm32u5xx_hal_icache.o
 .debug_info    0x0000000000014280     0x1cbe ./Drivers/STM32U5xx_HAL_Driver/Src/stm32u5xx_hal_mdf.o
 .debug_info    0x0000000000015f3e     0x1d90 ./Drivers/STM32U5xx_HAL_Driver/Src/stm32u5xx_hal_ospi.o
 .debug_info    0x0000000000017cce     0x16ad ./Drivers/STM32U5xx_HAL_Driver/Src/stm32u5xx_hal_pcd.o
 .debug_info    0x000000000001937b      0x922 ./Drivers/STM32U5xx_HAL_Driver/Src/stm32u5xx_hal_pcd_ex.o
 .debug_info    0x0000000000019c9d      0xe83 ./Drivers/STM32U5xx_HAL_Driver/Src/stm32u5xx_hal_pwr_ex.o
 .debug_info    0x000000000001ab20     0x13cd ./Drivers/STM32U5xx_HAL_Driver/Src/stm32u5xx_hal_rcc.o
 .debug_info    0x000000000001beed     0x167d ./Drivers/STM32U5xx_HAL_Driver/Src/stm32u5xx_hal_rcc_ex.o
 .debug_info    0x000000000001d56a     0x170e ./Drivers/STM32U5xx_HAL_Driver/Src/stm32u5xx_hal_spi.o
 .debug_info    0x000000000001ec78      0xb1b ./Drivers/STM32U5xx_HAL_Driver/Src/stm32u5xx_hal_spi_ex.o
 .debug_info    0x000000000001f793     0x4297 ./Drivers/STM32U5xx_HAL_Driver/Src/stm32u5xx_hal_uart.o
 .debug_info    0x0000000000023a2a     0x12ac ./Drivers/STM32U5xx_HAL_Driver/Src/stm32u5xx_hal_uart_ex.o
 .debug_info    0x0000000000024cd6      0x23f ./Drivers/STM32U5xx_HAL_Driver/Src/stm32u5xx_ll_dlyb.o
 .debug_info    0x0000000000024f15      0xc05 ./Drivers/STM32U5xx_HAL_Driver/Src/stm32u5xx_ll_gpio.o
 .debug_info    0x0000000000025b1a     0x1bd4 ./Drivers/STM32U5xx_HAL_Driver/Src/stm32u5xx_ll_usb.o

.debug_abbrev   0x0000000000000000     0x483e
 .debug_abbrev  0x0000000000000000      0x38d ./Core/Src/main.o
 .debug_abbrev  0x000000000000038d      0x27b ./Core/Src/stm32u5xx_hal_msp.o
 .debug_abbrev  0x0000000000000608      0x122 ./Core/Src/stm32u5xx_it.o
 .debug_abbrev  0x000000000000072a       0xbb ./Core/Src/sysmem.o
 .debug_abbrev  0x00000000000007e5      0x127 ./Core/Src/system_stm32u5xx.o
 .debug_abbrev  0x000000000000090c       0x12 ./Core/Startup/startup_stm32u585aiixq.o
 .debug_abbrev  0x000000000000091e      0x320 ./Drivers/BSP/b_u585i_iot02a_bus.o
 .debug_abbrev  0x0000000000000c3e      0x2cb ./Drivers/BSP/b_u585i_iot02a_ranging_sensor.o
 .debug_abbrev  0x0000000000000f09      0x109 ./Drivers/BSP/platform.o
 .debug_abbrev  0x0000000000001012      0x299 ./Drivers/BSP/vl53l5cx.o
 .debug_abbrev  0x00000000000012ab      0x2a5 ./Drivers/BSP/vl53l5cx_api.o
 .debug_abbrev  0x0000000000001550      0x15f ./Drivers/BSP/vl53l5cx_plugin_detection_thresholds.o
 .debug_abbrev  0x00000000000016af      0x285 ./Drivers/STM32U5xx_HAL_Driver/Src/stm32u5xx_hal.o
 .debug_abbrev  0x0000000000001934      0x303 ./Drivers/STM32U5xx_HAL_Driver/Src/stm32u5xx_hal_cortex.o
 .debug_abbrev  0x0000000000001c37      0x1f0 ./Drivers/STM32U5xx_HAL_Driver/Src/stm32u5xx_hal_dma.o
 .debug_abbrev  0x0000000000001e27      0x246 ./Drivers/STM32U5xx_HAL_Driver/Src/stm32u5xx_hal_gpio.o
 .debug_abbrev  0x000000000000206d      0x25c ./Drivers/STM32U5xx_HAL_Driver/Src/stm32u5xx_hal_i2c.o
 .debug_abbrev  0x00000000000022c9      0x1b0 ./Drivers/STM32U5xx_HAL_Driver/Src/stm32u5xx_hal_i2c_ex.o
 .debug_abbrev  0x0000000000002479      0x22f ./Drivers/STM32U5xx_HAL_Driver/Src/stm32u5xx_hal_icache.o
 .debug_abbrev  0x00000000000026a8      0x25c ./Drivers/STM32U5xx_HAL_Driver/Src/stm32u5xx_hal_mdf.o
 .debug_abbrev  0x0000000000002904      0x302 ./Drivers/STM32U5xx_HAL_Driver/Src/stm32u5xx_hal_ospi.o
 .debug_abbrev  0x0000000000002c06      0x2b4 ./Drivers/STM32U5xx_HAL_Driver/Src/stm32u5xx_hal_pcd.o
 .debug_abbrev  0x0000000000002eba      0x24a ./Drivers/STM32U5xx_HAL_Driver/Src/stm32u5xx_hal_pcd_ex.o
 .debug_abbrev  0x0000000000003104      0x20d ./Drivers/STM32U5xx_HAL_Driver/Src/stm32u5xx_hal_pwr_ex.o